Component: ARM Compiler 5.06 update 7 (build 960) Tool: armlink [4d3601]

==============================================================================

Section Cross References

    at32f403a_407_clock.o(i.system_clock_config) refers to at32f403a_407_crm.o(i.crm_reset) for crm_reset
    at32f403a_407_clock.o(i.system_clock_config) refers to at32f403a_407_crm.o(i.crm_clock_source_enable) for crm_clock_source_enable
    at32f403a_407_clock.o(i.system_clock_config) refers to at32f403a_407_crm.o(i.crm_hext_stable_wait) for crm_hext_stable_wait
    at32f403a_407_clock.o(i.system_clock_config) refers to at32f403a_407_crm.o(i.crm_pll_config) for crm_pll_config
    at32f403a_407_clock.o(i.system_clock_config) refers to at32f403a_407_crm.o(i.crm_hext_clock_div_set) for crm_hext_clock_div_set
    at32f403a_407_clock.o(i.system_clock_config) refers to at32f403a_407_crm.o(i.crm_flag_get) for crm_flag_get
    at32f403a_407_clock.o(i.system_clock_config) refers to at32f403a_407_crm.o(i.crm_ahb_div_set) for crm_ahb_div_set
    at32f403a_407_clock.o(i.system_clock_config) refers to at32f403a_407_crm.o(i.crm_apb2_div_set) for crm_apb2_div_set
    at32f403a_407_clock.o(i.system_clock_config) refers to at32f403a_407_crm.o(i.crm_apb1_div_set) for crm_apb1_div_set
    at32f403a_407_clock.o(i.system_clock_config) refers to at32f403a_407_crm.o(i.crm_auto_step_mode_enable) for crm_auto_step_mode_enable
    at32f403a_407_clock.o(i.system_clock_config) refers to at32f403a_407_crm.o(i.crm_sysclk_switch) for crm_sysclk_switch
    at32f403a_407_clock.o(i.system_clock_config) refers to at32f403a_407_crm.o(i.crm_sysclk_switch_status_get) for crm_sysclk_switch_status_get
    at32f403a_407_clock.o(i.system_clock_config) refers to system_at32f403a_407.o(i.system_core_clock_update) for system_core_clock_update
    main.o(i.EXINT0_IRQHandler) refers to settings_trans.o(i.read_data_from_flash) for read_data_from_flash
    main.o(i.EXINT0_IRQHandler) refers to slip_uart.o(i.debug_f) for debug_f
    main.o(i.EXINT0_IRQHandler) refers to main.o(i.button_isr) for button_isr
    main.o(i.button_exint_init) refers to at32f403a_407_crm.o(i.crm_periph_clock_enable) for crm_periph_clock_enable
    main.o(i.button_exint_init) refers to at32f403a_407_gpio.o(i.gpio_exint_line_config) for gpio_exint_line_config
    main.o(i.button_exint_init) refers to at32f403a_407_exint.o(i.exint_default_para_init) for exint_default_para_init
    main.o(i.button_exint_init) refers to at32f403a_407_exint.o(i.exint_init) for exint_init
    main.o(i.button_exint_init) refers to at32f403a_407_misc.o(i.nvic_priority_group_config) for nvic_priority_group_config
    main.o(i.button_exint_init) refers to at32f403a_407_misc.o(i.nvic_irq_enable) for nvic_irq_enable
    main.o(i.button_isr) refers to at32f403a_407_board.o(i.delay_ms) for delay_ms
    main.o(i.button_isr) refers to at32f403a_407_exint.o(i.exint_flag_clear) for exint_flag_clear
    main.o(i.button_isr) refers to at32f403a_407_gpio.o(i.gpio_input_data_bit_read) for gpio_input_data_bit_read
    main.o(i.button_isr) refers to main.o(.data) for g_speed
    main.o(i.gpio_configuration) refers to at32f403a_407_crm.o(i.crm_periph_clock_enable) for crm_periph_clock_enable
    main.o(i.gpio_configuration) refers to at32f403a_407_gpio.o(i.gpio_default_para_init) for gpio_default_para_init
    main.o(i.gpio_configuration) refers to at32f403a_407_gpio.o(i.gpio_init) for gpio_init
    main.o(i.main) refers to at32f403a_407_clock.o(i.system_clock_config) for system_clock_config
    main.o(i.main) refers to at32f403a_407_board.o(i.at32_board_init) for at32_board_init
    main.o(i.main) refers to main.o(i.button_exint_init) for button_exint_init
    main.o(i.main) refers to main.o(i.gpio_configuration) for gpio_configuration
    main.o(i.main) refers to slip_uart.o(i.slip_uart_configuration) for slip_uart_configuration
    main.o(i.main) refers to at32f403a_407_board.o(i.at32_led_toggle) for at32_led_toggle
    main.o(i.main) refers to at32f403a_407_board.o(i.delay_ms) for delay_ms
    main.o(i.main) refers to main.o(.data) for g_speed
    main.o(i.plant_settings) refers to main.o(.data) for settings
    settings_trans.o(i.clear_flash) refers to at32f403a_407_flash.o(i.flash_unlock) for flash_unlock
    settings_trans.o(i.clear_flash) refers to at32f403a_407_flash.o(i.flash_sector_erase) for flash_sector_erase
    settings_trans.o(i.clear_flash) refers to at32f403a_407_flash.o(i.flash_lock) for flash_lock
    settings_trans.o(i.crc_configuration) refers to at32f403a_407_crm.o(i.crm_periph_clock_enable) for crm_periph_clock_enable
    settings_trans.o(i.crc_configuration) refers to at32f403a_407_crc.o(i.crc_poly_size_set) for crc_poly_size_set
    settings_trans.o(i.crc_configuration) refers to at32f403a_407_crc.o(i.crc_init_data_set) for crc_init_data_set
    settings_trans.o(i.crc_configuration) refers to at32f403a_407_crc.o(i.crc_poly_value_set) for crc_poly_value_set
[...]
    Removing at32f403a_407_tmr.o(.revsh_text), (4 bytes).
    Removing at32f403a_407_tmr.o(.rrx_text), (6 bytes).
    Removing at32f403a_407_tmr.o(i.tmr_32_bit_function_enable), (28 bytes).
    Removing at32f403a_407_tmr.o(i.tmr_base_init), (16 bytes).
    Removing at32f403a_407_tmr.o(i.tmr_brkdt_config), (72 bytes).
    Removing at32f403a_407_tmr.o(i.tmr_brkdt_default_para_init), (18 bytes).
    Removing at32f403a_407_tmr.o(i.tmr_channel1_input_select), (10 bytes).
    Removing at32f403a_407_tmr.o(i.tmr_channel_buffer_enable), (10 bytes).
    Removing at32f403a_407_tmr.o(i.tmr_channel_dma_select), (10 bytes).
    Removing at32f403a_407_tmr.o(i.tmr_channel_enable), (96 bytes).
    Removing at32f403a_407_tmr.o(i.tmr_channel_value_get), (46 bytes).
    Removing at32f403a_407_tmr.o(i.tmr_channel_value_set), (40 bytes).
    Removing at32f403a_407_tmr.o(i.tmr_clock_source_div_set), (10 bytes).
    Removing at32f403a_407_tmr.o(i.tmr_cnt_dir_set), (10 bytes).
    Removing at32f403a_407_tmr.o(i.tmr_counter_enable), (10 bytes).
    Removing at32f403a_407_tmr.o(i.tmr_counter_value_get), (6 bytes).
    Removing at32f403a_407_tmr.o(i.tmr_counter_value_set), (4 bytes).
    Removing at32f403a_407_tmr.o(i.tmr_div_value_get), (6 bytes).
    Removing at32f403a_407_tmr.o(i.tmr_div_value_set), (4 bytes).
    Removing at32f403a_407_tmr.o(i.tmr_dma_control_config), (18 bytes).
    Removing at32f403a_407_tmr.o(i.tmr_dma_request_enable), (22 bytes).
    Removing at32f403a_407_tmr.o(i.tmr_encoder_mode_config), (70 bytes).
    Removing at32f403a_407_tmr.o(i.tmr_event_sw_trigger), (8 bytes).
    Removing at32f403a_407_tmr.o(i.tmr_external_clock_config), (28 bytes).
    Removing at32f403a_407_tmr.o(i.tmr_external_clock_mode1_config), (44 bytes).
    Removing at32f403a_407_tmr.o(i.tmr_external_clock_mode2_config), (36 bytes).
    Removing at32f403a_407_tmr.o(i.tmr_flag_clear), (6 bytes).
    Removing at32f403a_407_tmr.o(i.tmr_flag_get), (18 bytes).
    Removing at32f403a_407_tmr.o(i.tmr_force_output_set), (66 bytes).
    Removing at32f403a_407_tmr.o(i.tmr_hall_select), (10 bytes).
    Removing at32f403a_407_tmr.o(i.tmr_input_channel_divider_set), (66 bytes).
    Removing at32f403a_407_tmr.o(i.tmr_input_channel_filter_set), (66 bytes).
    Removing at32f403a_407_tmr.o(i.tmr_input_channel_init), (304 bytes).
    Removing at32f403a_407_tmr.o(i.tmr_input_default_para_init), (16 bytes).
    Removing at32f403a_407_tmr.o(i.tmr_internal_clock_set), (10 bytes).
    Removing at32f403a_407_tmr.o(i.tmr_interrupt_enable), (22 bytes).
    Removing at32f403a_407_tmr.o(i.tmr_interrupt_flag_get), (24 bytes).
    Removing at32f403a_407_tmr.o(i.tmr_one_cycle_mode_enable), (10 bytes).
    Removing at32f403a_407_tmr.o(i.tmr_output_channel_buffer_enable), (66 bytes).
    Removing at32f403a_407_tmr.o(i.tmr_output_channel_config), (416 bytes).
    Removing at32f403a_407_tmr.o(i.tmr_output_channel_immediately_set), (66 bytes).
    Removing at32f403a_407_tmr.o(i.tmr_output_channel_mode_select), (66 bytes).
    Removing at32f403a_407_tmr.o(i.tmr_output_channel_polarity_set), (96 bytes).
    Removing at32f403a_407_tmr.o(i.tmr_output_channel_switch_set), (66 bytes).
    Removing at32f403a_407_tmr.o(i.tmr_output_default_para_init), (18 bytes).
    Removing at32f403a_407_tmr.o(i.tmr_output_enable), (10 bytes).
    Removing at32f403a_407_tmr.o(i.tmr_overflow_event_disable), (10 bytes).
    Removing at32f403a_407_tmr.o(i.tmr_overflow_request_source_set), (10 bytes).
    Removing at32f403a_407_tmr.o(i.tmr_period_buffer_enable), (10 bytes).
    Removing at32f403a_407_tmr.o(i.tmr_period_value_get), (6 bytes).
    Removing at32f403a_407_tmr.o(i.tmr_period_value_set), (4 bytes).
    Removing at32f403a_407_tmr.o(i.tmr_primary_mode_select), (10 bytes).
    Removing at32f403a_407_tmr.o(i.tmr_pwm_input_config), (350 bytes).
    Removing at32f403a_407_tmr.o(i.tmr_repetition_counter_set), (10 bytes).
    Removing at32f403a_407_tmr.o(i.tmr_reset), (416 bytes).
    Removing at32f403a_407_tmr.o(i.tmr_sub_mode_select), (10 bytes).
    Removing at32f403a_407_tmr.o(i.tmr_sub_sync_mode_set), (10 bytes).
    Removing at32f403a_407_tmr.o(i.tmr_trigger_input_select), (10 bytes).
    Removing at32f403a_407_usart.o(.rev16_text), (4 bytes).
    Removing at32f403a_407_usart.o(.revsh_text), (4 bytes).
    Removing at32f403a_407_usart.o(.rrx_text), (6 bytes).
    Removing at32f403a_407_usart.o(i.usart_break_bit_num_set), (10 bytes).
    Removing at32f403a_407_usart.o(i.usart_break_send), (12 bytes).
    Removing at32f403a_407_usart.o(i.usart_clock_config), (28 bytes).
    Removing at32f403a_407_usart.o(i.usart_clock_enable), (10 bytes).
    Removing at32f403a_407_usart.o(i.usart_dma_receiver_enable), (10 bytes).
    Removing at32f403a_407_usart.o(i.usart_dma_transmitter_enable), (10 bytes).
    Removing at32f403a_407_usart.o(i.usart_flag_clear), (18 bytes).
    Removing at32f403a_407_usart.o(i.usart_hardware_flow_control_set), (102 bytes).
    Removing at32f403a_407_usart.o(i.usart_interrupt_flag_get), (176 bytes).
    Removing at32f403a_407_usart.o(i.usart_irda_low_power_enable), (10 bytes).
    Removing at32f403a_407_usart.o(i.usart_irda_mode_enable), (10 bytes).
    Removing at32f403a_407_usart.o(i.usart_irda_smartcard_division_set), (10 bytes).
    Removing at32f403a_407_usart.o(i.usart_lin_mode_enable), (10 bytes).
    Removing at32f403a_407_usart.o(i.usart_parity_selection_config), (76 bytes).
    Removing at32f403a_407_usart.o(i.usart_receiver_mute_enable), (10 bytes).
    Removing at32f403a_407_usart.o(i.usart_reset), (244 bytes).
    Removing at32f403a_407_usart.o(i.usart_single_line_halfduplex_select), (10 bytes).
    Removing at32f403a_407_usart.o(i.usart_smartcard_guard_time_set), (10 bytes).
    Removing at32f403a_407_usart.o(i.usart_smartcard_mode_enable), (10 bytes).
    Removing at32f403a_407_usart.o(i.usart_smartcard_nack_set), (10 bytes).
    Removing at32f403a_407_usart.o(i.usart_wakeup_id_set), (10 bytes).
    Removing at32f403a_407_usart.o(i.usart_wakeup_mode_set), (10 bytes).
    Removing at32f403a_407_usb.o(.rev16_text), (4 bytes).
    Removing at32f403a_407_usb.o(.revsh_text), (4 bytes).
    Removing at32f403a_407_usb.o(.rrx_text), (6 bytes).
    Removing at32f403a_407_usb.o(i.usb_buffer_free), (12 bytes).
    Removing at32f403a_407_usb.o(i.usb_buffer_malloc), (20 bytes).
    Removing at32f403a_407_usb.o(i.usb_connect), (18 bytes).
    Removing at32f403a_407_usb.o(i.usb_dev_init), (36 bytes).
    Removing at32f403a_407_usb.o(i.usb_disconnect), (22 bytes).
    Removing at32f403a_407_usb.o(i.usb_enter_suspend), (22 bytes).
    Removing at32f403a_407_usb.o(i.usb_ept_close), (572 bytes).
    Removing at32f403a_407_usb.o(i.usb_ept_open), (1296 bytes).
    Removing at32f403a_407_usb.o(i.usb_ept_stall), (108 bytes).
    Removing at32f403a_407_usb.o(i.usb_exit_suspend), (18 bytes).
    Removing at32f403a_407_usb.o(i.usb_flag_clear), (6 bytes).
    Removing at32f403a_407_usb.o(i.usb_flag_get), (16 bytes).
    Removing at32f403a_407_usb.o(i.usb_interrupt_enable), (20 bytes).
    Removing at32f403a_407_usb.o(i.usb_interrupt_flag_get), (38 bytes).
    Removing at32f403a_407_usb.o(i.usb_read_packet), (44 bytes).
    Removing at32f403a_407_usb.o(i.usb_remote_wkup_clear), (10 bytes).
    Removing at32f403a_407_usb.o(i.usb_remote_wkup_set), (12 bytes).
    Removing at32f403a_407_usb.o(i.usb_set_address), (20 bytes).
    Removing at32f403a_407_usb.o(i.usb_usbbufs_enable), (64 bytes).
    Removing at32f403a_407_usb.o(i.usb_write_packet), (44 bytes).
    Removing at32f403a_407_usb.o(.data), (6 bytes).
    Removing at32f403a_407_wdt.o(.rev16_text), (4 bytes).
    Removing at32f403a_407_wdt.o(.revsh_text), (4 bytes).
    Removing at32f403a_407_wdt.o(.rrx_text), (6 bytes).
    Removing at32f403a_407_wdt.o(i.wdt_counter_reload), (16 bytes).
    Removing at32f403a_407_wdt.o(i.wdt_divider_set), (20 bytes).
    Removing at32f403a_407_wdt.o(i.wdt_enable), (16 bytes).
    Removing at32f403a_407_wdt.o(i.wdt_flag_get), (24 bytes).
    Removing at32f403a_407_wdt.o(i.wdt_register_write_enable), (24 bytes).
    Removing at32f403a_407_wdt.o(i.wdt_reload_value_set), (12 bytes).
    Removing at32f403a_407_wwdt.o(.rev16_text), (4 bytes).
    Removing at32f403a_407_wwdt.o(.revsh_text), (4 bytes).
    Removing at32f403a_407_wwdt.o(.rrx_text), (6 bytes).
    Removing at32f403a_407_wwdt.o(i.wwdt_counter_set), (20 bytes).
    Removing at32f403a_407_wwdt.o(i.wwdt_divider_set), (20 bytes).
    Removing at32f403a_407_wwdt.o(i.wwdt_enable), (16 bytes).
    Removing at32f403a_407_wwdt.o(i.wwdt_flag_clear), (12 bytes).
    Removing at32f403a_407_wwdt.o(i.wwdt_flag_get), (16 bytes).
    Removing at32f403a_407_wwdt.o(i.wwdt_interrupt_enable), (24 bytes).
    Removing at32f403a_407_wwdt.o(i.wwdt_interrupt_flag_get), (36 bytes).
    Removing at32f403a_407_wwdt.o(i.wwdt_reset), (24 bytes).
    Removing at32f403a_407_wwdt.o(i.wwdt_window_counter_set), (20 bytes).
    Removing at32f403a_407_xmc.o(.rev16_text), (4 bytes).
    Removing at32f403a_407_xmc.o(.revsh_text), (4 bytes).
    Removing at32f403a_407_xmc.o(.rrx_text), (6 bytes).
    Removing at32f403a_407_xmc.o(i.xmc_ecc_get), (16 bytes).
    Removing at32f403a_407_xmc.o(i.xmc_ext_timing_config), (44 bytes).
    Removing at32f403a_407_xmc.o(i.xmc_flag_clear), (36 bytes).
    Removing at32f403a_407_xmc.o(i.xmc_flag_status_get), (32 bytes).
    Removing at32f403a_407_xmc.o(i.xmc_interrupt_enable), (44 bytes).
    Removing at32f403a_407_xmc.o(i.xmc_interrupt_flag_status_get), (108 bytes).
    Removing at32f403a_407_xmc.o(i.xmc_nand_default_para_init), (20 bytes).
    Removing at32f403a_407_xmc.o(i.xmc_nand_ecc_enable), (22 bytes).
    Removing at32f403a_407_xmc.o(i.xmc_nand_enable), (22 bytes).
    Removing at32f403a_407_xmc.o(i.xmc_nand_init), (46 bytes).
    Removing at32f403a_407_xmc.o(i.xmc_nand_reset), (26 bytes).
    Removing at32f403a_407_xmc.o(i.xmc_nand_timing_config), (62 bytes).
    Removing at32f403a_407_xmc.o(i.xmc_nand_timing_default_para_init), (30 bytes).
    Removing at32f403a_407_xmc.o(i.xmc_nor_sram_enable), (22 bytes).
    Removing at32f403a_407_xmc.o(i.xmc_nor_sram_init), (90 bytes).
    Removing at32f403a_407_xmc.o(i.xmc_nor_sram_reset), (56 bytes).
    Removing at32f403a_407_xmc.o(i.xmc_nor_sram_timing_config), (124 bytes).
    Removing at32f403a_407_xmc.o(i.xmc_norsram_default_para_init), (42 bytes).
    Removing at32f403a_407_xmc.o(i.xmc_norsram_timing_default_para_init), (56 bytes).
    Removing system_at32f403a_407.o(.rev16_text), (4 bytes).
    Removing system_at32f403a_407.o(.revsh_text), (4 bytes).
    Removing system_at32f403a_407.o(.rrx_text), (6 bytes).

558 unused section(s) (total 21970 bytes) removed from the image.

==============================================================================

Image Symbol Table

    Local Symbols

    Symbol Name                              Value     Ov Type        Size  Object(Section)

    ../clib/angel/boardlib.s                 0x00000000   Number         0  boardinit1.o ABSOLUTE
    ../clib/angel/boardlib.s                 0x00000000   Number         0  boardinit2.o ABSOLUTE
    ../clib/angel/boardlib.s                 0x00000000   Number         0  boardinit3.o ABSOLUTE
    ../clib/angel/boardlib.s                 0x00000000   Number         0  boardshut.o ABSOLUTE
    ../clib/angel/handlers.s                 0x00000000   Number         0  __scatter_zi.o ABSOLUTE
    ../clib/angel/handlers.s                 0x00000000   Number         0  __scatter_copy.o ABSOLUTE
    ../clib/angel/kernel.s                   0x00000000   Number         0  __rtentry.o ABSOLUTE
    ../clib/angel/kernel.s                   0x00000000   Number         0  __rtentry2.o ABSOLUTE
    ../clib/angel/kernel.s                   0x00000000   Number         0  __rtentry4.o ABSOLUTE
    ../clib/angel/kernel.s                   0x00000000   Number         0  rtexit.o ABSOLUTE
    ../clib/angel/kernel.s                   0x00000000   Number         0  rtexit2.o ABSOLUTE
    ../clib/angel/rt.s                       0x00000000   Number         0  rt_raise.o ABSOLUTE
    ../clib/angel/scatter.s                  0x00000000   Number         0  __scatter.o ABSOLUTE
    ../clib/angel/startup.s                  0x00000000   Number         0  __main.o ABSOLUTE
    ../clib/angel/sys.s                      0x00000000   Number         0  use_no_semi.o ABSOLUTE
    ../clib/angel/sys.s                      0x00000000   Number         0  indicate_semi.o ABSOLUTE
    ../clib/angel/sys.s                      0x00000000   Number         0  use_no_semi_2.o ABSOLUTE
    ../clib/angel/sys.s                      0x00000000   Number         0  sys_stackheap_outer.o ABSOLUTE
    ../clib/angel/sys.s                      0x00000000   Number         0  libspace.o ABSOLUTE
    ../clib/angel/sysapp.c                   0x00000000   Number         0  sys_command.o ABSOLUTE
    ../clib/armsys.c                         0x00000000   Number         0  argv_veneer.o ABSOLUTE
    ../clib/armsys.c                         0x00000000   Number         0  no_argv.o ABSOLUTE
    ../clib/armsys.c                         0x00000000   Number         0  _get_argv_nomalloc.o ABSOLUTE
    ../clib/armsys.c                         0x00000000   Number         0  argv_veneer.o ABSOLUTE
    ../clib/heapalloc.c                      0x00000000   Number         0  hrguard.o ABSOLUTE
    ../clib/heapaux.c                        0x00000000   Number         0  heapauxi.o ABSOLUTE
    ../clib/libinit.s                        0x00000000   Number         0  libshutdown2.o ABSOLUTE
    ../clib/libinit.s                        0x00000000   Number         0  libshutdown.o ABSOLUTE
    ../clib/libinit.s                        0x00000000   Number         0  libinit.o ABSOLUTE
    ../clib/libinit.s                        0x00000000   Number         0  libinit2.o ABSOLUTE
    ../clib/signal.c                         0x00000000   Number         0  defsig_segv_inner.o ABSOLUTE
    ../clib/signal.c                         0x00000000   Number         0  defsig_pvfn_inner.o ABSOLUTE
    ../clib/signal.c                         0x00000000   Number         0  defsig_stak_inner.o ABSOLUTE
    ../clib/signal.c                         0x00000000   Number         0  defsig_rtred_inner.o ABSOLUTE
    ../clib/signal.c                         0x00000000   Number         0  defsig_fpe_inner.o ABSOLUTE
    ../clib/signal.c                         0x00000000   Number         0  defsig_abrt_inner.o ABSOLUTE
    ../clib/signal.c                         0x00000000   Number         0  defsig_general.o ABSOLUTE
    ../clib/signal.c                         0x00000000   Number         0  defsig_rtmem_inner.o ABSOLUTE
    ../clib/signal.c                         0x00000000   Number         0  defsig_exit.o ABSOLUTE
    ../clib/signal.c                         0x00000000   Number         0  defsig_cppl_inner.o ABSOLUTE
    ../clib/signal.c                         0x00000000   Number         0  defsig_rtmem_formal.o ABSOLUTE
    ../clib/signal.c                         0x00000000   Number         0  defsig_rtmem_outer.o ABSOLUTE
    ../clib/signal.c                         0x00000000   Number         0  __raise.o ABSOLUTE
    ../clib/signal.c                         0x00000000   Number         0  defsig_other.o ABSOLUTE
    ../clib/signal.s                         0x00000000   Number         0  defsig.o ABSOLUTE
    ../clib/stdlib.c                         0x00000000   Number         0  exit.o ABSOLUTE
    ../fplib/fpinit.s                        0x00000000   Number         0  fpinit.o ABSOLUTE
    ..\..\..\..\libraries\cmsis\cm4\device_support\startup\mdk\startup_at32f403a_407.s 0x00000000   Number         0  startup_at32f403a_407.o ABSOLUTE
    ..\..\..\..\libraries\cmsis\cm4\device_support\system_at32f403a_407.c 0x00000000   Number         0  system_at32f403a_407.o ABSOLUTE
    ..\..\..\..\libraries\drivers\src\at32f403a_407_acc.c 0x00000000   Number         0  at32f403a_407_acc.o ABSOLUTE
    ..\..\..\..\libraries\drivers\src\at32f403a_407_adc.c 0x00000000   Number         0  at32f403a_407_adc.o ABSOLUTE
    ..\..\..\..\libraries\drivers\src\at32f403a_407_bpr.c 0x00000000   Number         0  at32f403a_407_bpr.o ABSOLUTE
    ..\..\..\..\libraries\drivers\src\at32f403a_407_can.c 0x00000000   Number         0  at32f403a_407_can.o ABSOLUTE
    ..\..\..\..\libraries\drivers\src\at32f403a_407_crc.c 0x00000000   Number         0  at32f403a_407_crc.o ABSOLUTE
    ..\..\..\..\libraries\drivers\src\at32f403a_407_crm.c 0x00000000   Number         0  at32f403a_407_crm.o ABSOLUTE
    ..\..\..\..\libraries\drivers\src\at32f403a_407_dac.c 0x00000000   Number         0  at32f403a_407_dac.o ABSOLUTE
    ..\..\..\..\libraries\drivers\src\at32f403a_407_debug.c 0x00000000   Number         0  at32f403a_407_debug.o ABSOLUTE
    ..\..\..\..\libraries\drivers\src\at32f403a_407_dma.c 0x00000000   Number         0  at32f403a_407_dma.o ABSOLUTE
    ..\..\..\..\libraries\drivers\src\at32f403a_407_emac.c 0x00000000   Number         0  at32f403a_407_emac.o ABSOLUTE
    ..\..\..\..\libraries\drivers\src\at32f403a_407_exint.c 0x00000000   Number         0  at32f403a_407_exint.o ABSOLUTE
    ..\..\..\..\libraries\drivers\src\at32f403a_407_flash.c 0x00000000   Number         0  at32f403a_407_flash.o ABSOLUTE
    ..\..\..\..\libraries\drivers\src\at32f403a_407_gpio.c 0x00000000   Number         0  at32f403a_407_gpio.o ABSOLUTE
    ..\..\..\..\libraries\drivers\src\at32f403a_407_i2c.c 0x00000000   Number         0  at32f403a_407_i2c.o ABSOLUTE
    ..\..\..\..\libraries\drivers\src\at32f403a_407_misc.c 0x00000000   Number         0  at32f403a_407_misc.o ABSOLUTE
    ..\..\..\..\libraries\drivers\src\at32f403a_407_pwc.c 0x00000000   Number         0  at32f403a_407_pwc.o ABSOLUTE
    ..\..\..\..\libraries\drivers\src\at32f403a_407_rtc.c 0x00000000   Number         0  at32f403a_407_rtc.o ABSOLUTE
    ..\..\..\..\libraries\drivers\src\at32f403a_407_sdio.c 0x00000000   Number         0  at32f403a_407_sdio.o ABSOLUTE
    ..\..\..\..\libraries\drivers\src\at32f403a_407_spi.c 0x00000000   Number         0  at32f403a_407_spi.o ABSOLUTE
    ..\..\..\..\libraries\drivers\src\at32f403a_407_tmr.c 0x00000000   Number         0  at32f403a_407_tmr.o ABSOLUTE
    ..\..\..\..\libraries\drivers\src\at32f403a_407_usart.c 0x00000000   Number         0  at32f403a_407_usart.o ABSOLUTE
    ..\..\..\..\libraries\drivers\src\at32f403a_407_usb.c 0x00000000   Number         0  at32f403a_407_usb.o ABSOLUTE
    ..\..\..\..\libraries\drivers\src\at32f403a_407_wdt.c 0x00000000   Number         0  at32f403a_407_wdt.o ABSOLUTE
    ..\..\..\..\libraries\drivers\src\at32f403a_407_wwdt.c 0x00000000   Number         0  at32f403a_407_wwdt.o ABSOLUTE
    ..\..\..\..\libraries\drivers\src\at32f403a_407_xmc.c 0x00000000   Number         0  at32f403a_407_xmc.o ABSOLUTE
    ..\..\..\at32f403a_407_board\at32f403a_407_board.c 0x00000000   Number         0  at32f403a_407_board.o ABSOLUTE
    ..\\..\\..\\..\\libraries\\cmsis\\cm4\\device_support\\system_at32f403a_407.c 0x00000000   Number         0  system_at32f403a_407.o ABSOLUTE
    ..\\..\\..\\..\\libraries\\drivers\\src\\at32f403a_407_acc.c 0x00000000   Number         0  at32f403a_407_acc.o ABSOLUTE
    ..\\..\\..\\..\\libraries\\drivers\\src\\at32f403a_407_adc.c 0x00000000   Number         0  at32f403a_407_adc.o ABSOLUTE
    ..\\..\\..\\..\\libraries\\drivers\\src\\at32f403a_407_bpr.c 0x00000000   Number         0  at32f403a_407_bpr.o ABSOLUTE
    ..\\..\\..\\..\\libraries\\drivers\\src\\at32f403a_407_can.c 0x00000000   Number         0  at32f403a_407_can.o ABSOLUTE
    ..\\..\\..\\..\\libraries\\drivers\\src\\at32f403a_407_crc.c 0x00000000   Number         0  at32f403a_407_crc.o ABSOLUTE
    ..\\..\\..\\..\\libraries\\drivers\\src\\at32f403a_407_crm.c 0x00000000   Number         0  at32f403a_407_crm.o ABSOLUTE
    ..\\..\\..\\..\\libraries\\drivers\\src\\at32f403a_407_dac.c 0x00000000   Number         0  at32f403a_407_dac.o ABSOLUTE
    ..\\..\\..\\..\\libraries\\drivers\\src\\at32f403a_407_debug.c 0x00000000   Number         0  at32f403a_407_debug.o ABSOLUTE
    ..\\..\\..\\..\\libraries\\drivers\\src\\at32f403a_407_dma.c 0x00000000   Number         0  at32f403a_407_dma.o ABSOLUTE
    ..\\..\\..\\..\\libraries\\drivers\\src\\at32f403a_407_emac.c 0x00000000   Number         0  at32f403a_407_emac.o ABSOLUTE
    ..\\..\\..\\..\\libraries\\drivers\\src\\at32f403a_407_exint.c 0x00000000   Number         0  at32f403a_407_exint.o ABSOLUTE
    ..\\..\\..\\..\\libraries\\drivers\\src\\at32f403a_407_flash.c 0x00000000   Number         0  at32f403a_407_flash.o ABSOLUTE
    ..\\..\\..\\..\\libraries\\drivers\\src\\at32f403a_407_gpio.c 0x00000000   Number         0  at32f403a_407_gpio.o ABSOLUTE
    ..\\..\\..\\..\\libraries\\drivers\\src\\at32f403a_407_i2c.c 0x00000000   Number         0  at32f403a_407_i2c.o ABSOLUTE
    ..\\..\\..\\..\\libraries\\drivers\\src\\at32f403a_407_misc.c 0x00000000   Number         0  at32f403a_407_misc.o ABSOLUTE
    ..\\..\\..\\..\\libraries\\drivers\\src\\at32f403a_407_pwc.c 0x00000000   Number         0  at32f403a_407_pwc.o ABSOLUTE
    ..\\..\\..\\..\\libraries\\drivers\\src\\at32f403a_407_rtc.c 0x00000000   Number         0  at32f403a_407_rtc.o ABSOLUTE
    ..\\..\\..\\..\\libraries\\drivers\\src\\at32f403a_407_sdio.c 0x00000000   Number         0  at32f403a_407_sdio.o ABSOLUTE
    ..\\..\\..\\..\\libraries\\drivers\\src\\at32f403a_407_spi.c 0x00000000   Number         0  at32f403a_407_spi.o ABSOLUTE
    ..\\..\\..\\..\\libraries\\drivers\\src\\at32f403a_407_tmr.c 0x00000000   Number         0  at32f403a_407_tmr.o ABSOLUTE
    ..\\..\\..\\..\\libraries\\drivers\\src\\at32f403a_407_usart.c 0x00000000   Number         0  at32f403a_407_usart.o ABSOLUTE
    ..\\..\\..\\..\\libraries\\drivers\\src\\at32f403a_407_usb.c 0x00000000   Number         0  at32f403a_407_usb.o ABSOLUTE
    ..\\..\\..\\..\\libraries\\drivers\\src\\at32f403a_407_wdt.c 0x00000000   Number         0  at32f403a_407_wdt.o ABSOLUTE
    ..\\..\\..\\..\\libraries\\drivers\\src\\at32f403a_407_wwdt.c 0x00000000   Number         0  at32f403a_407_wwdt.o ABSOLUTE
    ..\\..\\..\\..\\libraries\\drivers\\src\\at32f403a_407_xmc.c 0x00000000   Number         0  at32f403a_407_xmc.o ABSOLUTE
    ..\\..\\..\\at32f403a_407_board\\at32f403a_407_board.c 0x00000000   Number         0  at32f403a_407_board.o ABSOLUTE
    ..\\src\\at32f403a_407_clock.c           0x00000000   Number         0  at32f403a_407_clock.o ABSOLUTE
    ..\\src\\at32f403a_407_int.c             0x00000000   Number         0  at32f403a_407_int.o ABSOLUTE
    ..\\src\\main.c                          0x00000000   Number         0  main.o ABSOLUTE
    ..\\src\\settings_trans.c                0x00000000   Number         0  settings_trans.o ABSOLUTE
    ..\\src\\slip_uart.c                     0x00000000   Number         0  slip_uart.o ABSOLUTE
    ..\src\at32f403a_407_clock.c             0x00000000   Number         0  at32f403a_407_clock.o ABSOLUTE
    ..\src\at32f403a_407_int.c               0x00000000   Number         0  at32f403a_407_int.o ABSOLUTE
    ..\src\main.c                            0x00000000   Number         0  main.o ABSOLUTE
    ..\src\settings_trans.c                  0x00000000   Number         0  settings_trans.o ABSOLUTE
    ..\src\slip_uart.c                       0x00000000   Number         0  slip_uart.o ABSOLUTE
    dc.s                                     0x00000000   Number         0  dc.o ABSOLUTE
    RESET                                    0x08000000   Section      388  startup_at32f403a_407.o(RESET)
    !!!main                                  0x08000184   Section        8  __main.o(!!!main)
    !!!scatter                               0x0800018c   Section       52  __scatter.o(!!!scatter)
    !!handler_copy                           0x080001c0   Section       26  __scatter_copy.o(!!handler_copy)
    !!handler_zi                             0x080001dc   Section       28  __scatter_zi.o(!!handler_zi)
    .ARM.Collect$$libinit$$00000000          0x080001f8   Section        2  libinit.o(.ARM.Collect$$libinit$$00000000)
    .ARM.Collect$$libinit$$00000001          0x080001fa   Section        4  libinit2.o(.ARM.Collect$$libinit$$00000001)
    .ARM.Collect$$libinit$$00000004          0x080001fe   Section        0  libinit2.o(.ARM.Collect$$libinit$$00000004)
    .ARM.Collect$$libinit$$0000000A          0x080001fe   Section        0  libinit2.o(.ARM.Collect$$libinit$$0000000A)
    .ARM.Collect$$libinit$$0000000C          0x080001fe   Section        0  libinit2.o(.ARM.Collect$$libinit$$0000000C)
    .ARM.Collect$$libinit$$0000000E          0x080001fe   Section        0  libinit2.o(.ARM.Collect$$libinit$$0000000E)
    .ARM.Collect$$libinit$$00000011          0x080001fe   Section        0  libinit2.o(.ARM.Collect$$libinit$$00000011)
    .ARM.Collect$$libinit$$00000013          0x080001fe   Section        0  libinit2.o(.ARM.Collect$$libinit$$00000013)
    .ARM.Collect$$libinit$$00000015          0x080001fe   Section        0  libinit2.o(.ARM.Collect$$libinit$$00000015)
    .ARM.Collect$$libinit$$00000017          0x080001fe   Section        0  libinit2.o(.ARM.Collect$$libinit$$00000017)
    .ARM.Collect$$libinit$$00000019          0x080001fe   Section        0  libinit2.o(.ARM.Collect$$libinit$$00000019)
    .ARM.Collect$$libinit$$0000001B          0x080001fe   Section        0  libinit2.o(.ARM.Collect$$libinit$$0000001B)
    .ARM.Collect$$libinit$$0000001D          0x080001fe   Section        0  libinit2.o(.ARM.Collect$$libinit$$0000001D)
    .ARM.Collect$$libinit$$0000001F          0x080001fe   Section        0  libinit2.o(.ARM.Collect$$libinit$$0000001F)
    .ARM.Collect$$libinit$$00000021          0x080001fe   Section        0  libinit2.o(.ARM.Collect$$libinit$$00000021)
    .ARM.Collect$$libinit$$00000023          0x080001fe   Section        0  libinit2.o(.ARM.Collect$$libinit$$00000023)
    .ARM.Collect$$libinit$$00000025          0x080001fe   Section        0  libinit2.o(.ARM.Collect$$libinit$$00000025)
    .ARM.Collect$$libinit$$0000002C          0x080001fe   Section        0  libinit2.o(.ARM.Collect$$libinit$$0000002C)
    .ARM.Collect$$libinit$$0000002E          0x080001fe   Section        0  libinit2.o(.ARM.Collect$$libinit$$0000002E)
    .ARM.Collect$$libinit$$00000030          0x080001fe   Section        0  libinit2.o(.ARM.Collect$$libinit$$00000030)
    .ARM.Collect$$libinit$$00000032          0x080001fe   Section        0  libinit2.o(.ARM.Collect$$libinit$$00000032)
    .ARM.Collect$$libinit$$00000033          0x080001fe   Section        2  libinit2.o(.ARM.Collect$$libinit$$00000033)
    .ARM.Collect$$libshutdown$$00000000      0x08000200   Section        2  libshutdown.o(.ARM.Collect$$libshutdown$$00000000)
    .ARM.Collect$$libshutdown$$00000002      0x08000202   Section        0  libshutdown2.o(.ARM.Collect$$libshutdown$$00000002)
    .ARM.Collect$$libshutdown$$00000004      0x08000202   Section        0  libshutdown2.o(.ARM.Collect$$libshutdown$$00000004)
    .ARM.Collect$$libshutdown$$00000006      0x08000202   Section        0  libshutdown2.o(.ARM.Collect$$libshutdown$$00000006)
    .ARM.Collect$$libshutdown$$00000009      0x08000202   Section        0  libshutdown2.o(.ARM.Collect$$libshutdown$$00000009)
    .ARM.Collect$$libshutdown$$0000000C      0x08000202   Section        0  libshutdown2.o(.ARM.Collect$$libshutdown$$0000000C)
    .ARM.Collect$$libshutdown$$0000000E      0x08000202   Section        0  libshutdown2.o(.ARM.Collect$$libshutdown$$0000000E)
    .ARM.Collect$$libshutdown$$00000011      0x08000202   Section        0  libshutdown2.o(.ARM.Collect$$libshutdown$$00000011)
    .ARM.Collect$$libshutdown$$00000012      0x08000202   Section        2  libshutdown2.o(.ARM.Collect$$libshutdown$$00000012)
    .ARM.Collect$$rtentry$$00000000          0x08000204   Section        0  __rtentry.o(.ARM.Collect$$rtentry$$00000000)
    .ARM.Collect$$rtentry$$00000002          0x08000204   Section        0  __rtentry2.o(.ARM.Collect$$rtentry$$00000002)
    .ARM.Collect$$rtentry$$00000004          0x08000204   Section        6  __rtentry4.o(.ARM.Collect$$rtentry$$00000004)
    .ARM.Collect$$rtentry$$00000009          0x0800020a   Section        0  __rtentry2.o(.ARM.Collect$$rtentry$$00000009)
    .ARM.Collect$$rtentry$$0000000A          0x0800020a   Section        4  __rtentry2.o(.ARM.Collect$$rtentry$$0000000A)
    .ARM.Collect$$rtentry$$0000000C          0x0800020e   Section        0  __rtentry2.o(.ARM.Collect$$rtentry$$0000000C)
    .ARM.Collect$$rtentry$$0000000D          0x0800020e   Section        8  __rtentry2.o(.ARM.Collect$$rtentry$$0000000D)
    .ARM.Collect$$rtexit$$00000000           0x08000216   Section        2  rtexit.o(.ARM.Collect$$rtexit$$00000000)
    .ARM.Collect$$rtexit$$00000002           0x08000218   Section        0  rtexit2.o(.ARM.Collect$$rtexit$$00000002)
    .ARM.Collect$$rtexit$$00000003           0x08000218   Section        4  rtexit2.o(.ARM.Collect$$rtexit$$00000003)
    .ARM.Collect$$rtexit$$00000004           0x0800021c   Section        6  rtexit2.o(.ARM.Collect$$rtexit$$00000004)
    .text                                    0x08000224   Section       64  startup_at32f403a_407.o(.text)
    $v0                                      0x08000224   Number         0  startup_at32f403a_407.o(.text)
    .text                                    0x08000264   Section        2  use_no_semi_2.o(.text)
    .text                                    0x08000266   Section        0  heapauxi.o(.text)
    .text                                    0x0800026c   Section        2  use_no_semi.o(.text)
    .text                                    0x0800026e   Section       74  sys_stackheap_outer.o(.text)
    .text                                    0x080002b8   Section        0  exit.o(.text)
    .text                                    0x080002cc   Section        8  libspace.o(.text)
    i.BusFault_Handler                       0x080002d4   Section        0  at32f403a_407_int.o(i.BusFault_Handler)
    i.DebugMon_Handler                       0x080002d8   Section        0  at32f403a_407_int.o(i.DebugMon_Handler)
    i.EXINT0_IRQHandler                      0x080002dc   Section        0  main.o(i.EXINT0_IRQHandler)
    i.HardFault_Handler                      0x08000308   Section        0  at32f403a_407_int.o(i.HardFault_Handler)
    i.MemManage_Handler                      0x0800030c   Section        0  at32f403a_407_int.o(i.MemManage_Handler)
    i.NMI_Handler                            0x08000310   Section        0  at32f403a_407_int.o(i.NMI_Handler)
    i.PendSV_Handler                         0x08000312   Section        0  at32f403a_407_int.o(i.PendSV_Handler)
    i.SVC_Handler                            0x08000314   Section        0  at32f403a_407_int.o(i.SVC_Handler)
    i.SysTick_Handler                        0x08000316   Section        0  at32f403a_407_int.o(i.SysTick_Handler)
    i.SystemInit                             0x08000318   Section        0  system_at32f403a_407.o(i.SystemInit)
    i.USART1_IRQHandler                      0x08000388   Section        0  slip_uart.o(i.USART1_IRQHandler)
    i.UsageFault_Handler                     0x08000400   Section        0  at32f403a_407_int.o(i.UsageFault_Handler)
    i._sys_exit                              0x08000404   Section        0  at32f403a_407_board.o(i._sys_exit)
    i.at32_board_init                        0x08000408   Section        0  at32f403a_407_board.o(i.at32_board_init)
    i.at32_button_init                       0x08000438   Section        0  at32f403a_407_board.o(i.at32_button_init)
    i.at32_led_init                          0x08000474   Section        0  at32f403a_407_board.o(i.at32_led_init)
    i.at32_led_off                           0x080004c4   Section        0  at32f403a_407_board.o(i.at32_led_off)
    i.at32_led_toggle                        0x080004ec   Section        0  at32f403a_407_board.o(i.at32_led_toggle)
    i.button_exint_init                      0x08000520   Section        0  main.o(i.button_exint_init)
    i.button_isr                             0x08000568   Section        0  main.o(i.button_isr)
    i.clear_flash                            0x080005a0   Section        0  settings_trans.o(i.clear_flash)
    i.crc8                                   0x080005b4   Section        0  settings_trans.o(i.crc8)
    i.crm_ahb_div_set                        0x080005f4   Section        0  at32f403a_407_crm.o(i.crm_ahb_div_set)
    i.crm_apb1_div_set                       0x08000608   Section        0  at32f403a_407_crm.o(i.crm_apb1_div_set)
    i.crm_apb2_div_set                       0x0800061c   Section        0  at32f403a_407_crm.o(i.crm_apb2_div_set)
    i.crm_auto_step_mode_enable              0x08000630   Section        0  at32f403a_407_crm.o(i.crm_auto_step_mode_enable)
    i.crm_clock_source_enable                0x08000658   Section        0  at32f403a_407_crm.o(i.crm_clock_source_enable)
    i.crm_clocks_freq_get                    0x080006b8   Section        0  at32f403a_407_crm.o(i.crm_clocks_freq_get)
    i.crm_flag_get                           0x080007e4   Section        0  at32f403a_407_crm.o(i.crm_flag_get)
    i.crm_hext_clock_div_set                 0x08000814   Section        0  at32f403a_407_crm.o(i.crm_hext_clock_div_set)
    i.crm_hext_stable_wait                   0x08000828   Section        0  at32f403a_407_crm.o(i.crm_hext_stable_wait)
    i.crm_periph_clock_enable                0x08000858   Section        0  at32f403a_407_crm.o(i.crm_periph_clock_enable)
    i.crm_pll_config                         0x0800089c   Section        0  at32f403a_407_crm.o(i.crm_pll_config)
    i.crm_reset                              0x08000918   Section        0  at32f403a_407_crm.o(i.crm_reset)
    i.crm_sysclk_switch                      0x08000970   Section        0  at32f403a_407_crm.o(i.crm_sysclk_switch)
    i.crm_sysclk_switch_status_get           0x080009ac   Section        0  at32f403a_407_crm.o(i.crm_sysclk_switch_status_get)
    i.data_to_slip_buff                      0x080009bc   Section        0  slip_uart.o(i.data_to_slip_buff)
    i.debug_f                                0x08000a44   Section        0  slip_uart.o(i.debug_f)
    i.delay_init                             0x08000a64   Section        0  at32f403a_407_board.o(i.delay_init)
    i.delay_ms                               0x08000a9c   Section        0  at32f403a_407_board.o(i.delay_ms)
    i.exint_default_para_init                0x08000b10   Section        0  at32f403a_407_exint.o(i.exint_default_para_init)
    i.exint_flag_clear                       0x08000b20   Section        0  at32f403a_407_exint.o(i.exint_flag_clear)
    i.exint_init                             0x08000b40   Section        0  at32f403a_407_exint.o(i.exint_init)
    i.flash_bank1_operation_status_get       0x08000bd8   Section        0  at32f403a_407_flash.o(i.flash_bank1_operation_status_get)
    i.flash_bank1_operation_wait_for         0x08000c0c   Section        0  at32f403a_407_flash.o(i.flash_bank1_operation_wait_for)
    i.flash_bank2_operation_status_get       0x08000c30   Section        0  at32f403a_407_flash.o(i.flash_bank2_operation_status_get)
    i.flash_bank2_operation_wait_for         0x08000c64   Section        0  at32f403a_407_flash.o(i.flash_bank2_operation_wait_for)
    i.flash_byte_program                     0x08000c88   Section        0  at32f403a_407_flash.o(i.flash_byte_program)
    i.flash_lock                             0x08000d04   Section        0  at32f403a_407_flash.o(i.flash_lock)
    i.flash_sector_erase                     0x08000d24   Section        0  at32f403a_407_flash.o(i.flash_sector_erase)
    i.flash_spim_dummy_read                  0x08000e04   Section        0  at32f403a_407_flash.o(i.flash_spim_dummy_read)
    i.flash_spim_operation_status_get        0x08000e1c   Section        0  at32f403a_407_flash.o(i.flash_spim_operation_status_get)
    i.flash_spim_operation_wait_for          0x08000e50   Section        0  at32f403a_407_flash.o(i.flash_spim_operation_wait_for)
    i.flash_unlock                           0x08000e74   Section        0  at32f403a_407_flash.o(i.flash_unlock)
    i.gpio_configuration                     0x08000e94   Section        0  main.o(i.gpio_configuration)
    i.gpio_default_para_init                 0x08000ef8   Section        0  at32f403a_407_gpio.o(i.gpio_default_para_init)
    i.gpio_exint_line_config                 0x08000f10   Section        0  at32f403a_407_gpio.o(i.gpio_exint_line_config)
    i.gpio_init                              0x08000fb4   Section        0  at32f403a_407_gpio.o(i.gpio_init)
    i.gpio_input_data_bit_read               0x0800105c   Section        0  at32f403a_407_gpio.o(i.gpio_input_data_bit_read)
    i.input_handler                          0x08001070   Section        0  slip_uart.o(i.input_handler)
    i.main                                   0x08001100   Section        0  main.o(i.main)
    i.nvic_irq_enable                        0x08001158   Section        0  at32f403a_407_misc.o(i.nvic_irq_enable)
    i.nvic_priority_group_config             0x08001220   Section        0  at32f403a_407_misc.o(i.nvic_priority_group_config)
    i.read_data_from_flash                   0x08001248   Section        0  settings_trans.o(i.read_data_from_flash)
    i.read_slip_uart                         0x08001264   Section        0  slip_uart.o(i.read_slip_uart)
    i.slip_buff_to_data                      0x08001284   Section        0  slip_uart.o(i.slip_buff_to_data)
    i.slip_uart_configuration                0x080012f4   Section        0  slip_uart.o(i.slip_uart_configuration)
    i.system_clock_config                    0x08001358   Section        0  at32f403a_407_clock.o(i.system_clock_config)
    i.system_core_clock_update               0x080013c8   Section        0  system_at32f403a_407.o(i.system_core_clock_update)
    i.systick_clock_source_config            0x080014c0   Section        0  at32f403a_407_misc.o(i.systick_clock_source_config)
    i.usart_data_receive                     0x080014e8   Section        0  at32f403a_407_usart.o(i.usart_data_receive)
    i.usart_data_transmit                    0x080014f0   Section        0  at32f403a_407_usart.o(i.usart_data_transmit)
    i.usart_enable                           0x080014f8   Section        0  at32f403a_407_usart.o(i.usart_enable)
    i.usart_flag_get                         0x08001502   Section        0  at32f403a_407_usart.o(i.usart_flag_get)
    i.usart_init                             0x08001514   Section        0  at32f403a_407_usart.o(i.usart_init)
    i.usart_interrupt_enable                 0x0800159c   Section        0  at32f403a_407_usart.o(i.usart_interrupt_enable)
    i.usart_receiver_enable                  0x080015d2   Section        0  at32f403a_407_usart.o(i.usart_receiver_enable)
    i.usart_transmitter_enable               0x080015dc   Section        0  at32f403a_407_usart.o(i.usart_transmitter_enable)
    i.write_data_to_flash                    0x080015e6   Section        0  settings_trans.o(i.write_data_to_flash)
    i.write_slip_uart                        0x0800162c   Section        0  slip_uart.o(i.write_slip_uart)
    x$fpl$fpinit                             0x08001684   Section       10  fpinit.o(x$fpl$fpinit)
    $v0                                      0x08001684   Number         0  fpinit.o(x$fpl$fpinit)
    .constdata                               0x0800168e   Section       40  at32f403a_407_crm.o(.constdata)
    sclk_ahb_div_table                       0x0800168e   Data          16  at32f403a_407_crm.o(.constdata)
    ahb_apb1_div_table                       0x0800169e   Data           8  at32f403a_407_crm.o(.constdata)
    ahb_apb2_div_table                       0x080016a6   Data           8  at32f403a_407_crm.o(.constdata)
    adc_div_table                            0x080016ae   Data           8  at32f403a_407_crm.o(.constdata)
    .constdata                               0x080016b6   Section       16  system_at32f403a_407.o(.constdata)
    sys_ahb_div_table                        0x080016b6   Data          16  system_at32f403a_407.o(.constdata)
    .data                                    0x20000000   Section        5  main.o(.data)
    settings                                 0x20000000   Data           4  main.o(.data)
    .data                                    0x20000008   Section        7  slip_uart.o(.data)
    settings                                 0x20000008   Data           4  slip_uart.o(.data)
    .data                                    0x20000010   Section       45  at32f403a_407_board.o(.data)
    fac_us                                   0x20000030   Data           4  at32f403a_407_board.o(.data)
    fac_ms                                   0x20000034   Data           4  at32f403a_407_board.o(.data)
    pressed                                  0x2000003c   Data           1  at32f403a_407_board.o(.data)
    .data                                    0x20000040   Section        4  system_at32f403a_407.o(.data)
    .bss                                     0x20000044   Section       30  slip_uart.o(.bss)
    .bss                                     0x20000064   Section       96  libspace.o(.bss)
    HEAP                                     0x200000c8   Section      512  startup_at32f403a_407.o(HEAP)
    Heap_Mem                                 0x200000c8   Data         512  startup_at32f403a_407.o(HEAP)
    STACK                                    0x200002c8   Section     1024  startup_at32f403a_407.o(STACK)
    Stack_Mem                                0x200002c8   Data        1024  startup_at32f403a_407.o(STACK)
    __initial_sp                             0x200006c8   Data           0  startup_at32f403a_407.o(STACK)

    Global Symbols

    Symbol Name                              Value     Ov Type        Size  Object(Section)

    BuildAttributes$$THM_ISAv4$E$P$D$K$B$S$7EM$VFPi3$EXTD16$VFPS$VFMA$PE$A:L22UL41UL21$X:L11$S22US41US21$IEEE1$IW$USESV6$~STKCKD$USESV7$~SHL$OSPACE$ROPI$EBA8$UX$STANDARDLIB$REQ8$PRES8$EABIv2 0x00000000   Number         0  anon$$obj.o ABSOLUTE
    __ARM_use_no_argv                        0x00000000   Number         0  main.o ABSOLUTE
    __ARM_exceptions_init                     - Undefined Weak Reference
    __alloca_initialize                       - Undefined Weak Reference
    __arm_fini_                               - Undefined Weak Reference
    __arm_preinit_                            - Undefined Weak Reference
    __cpp_initialize__aeabi_                  - Undefined Weak Reference
    __cxa_finalize                            - Undefined Weak Reference
    __rt_locale                               - Undefined Weak Reference
    __sigvec_lookup                           - Undefined Weak Reference
    _atexit_init                              - Undefined Weak Reference
    _call_atexit_fns                          - Undefined Weak Reference
    _clock_init                               - Undefined Weak Reference
    _fp_trap_init                             - Undefined Weak Reference
    _fp_trap_shutdown                         - Undefined Weak Reference
    _get_lc_collate                           - Undefined Weak Reference
    _get_lc_ctype                             - Undefined Weak Reference
    _get_lc_monetary                          - Undefined Weak Reference
    _get_lc_numeric                           - Undefined Weak Reference
    _get_lc_time                              - Undefined Weak Reference
    _getenv_init                              - Undefined Weak Reference
    _handle_redirection                       - Undefined Weak Reference
    _init_alloc                               - Undefined Weak Reference
    _init_user_alloc                          - Undefined Weak Reference
    _initio                                   - Undefined Weak Reference
    _rand_init                                - Undefined Weak Reference
    _signal_finish                            - Undefined Weak Reference
    _signal_init                              - Undefined Weak Reference
    _terminate_alloc                          - Undefined Weak Reference
    _terminate_user_alloc                     - Undefined Weak Reference
    _terminateio                              - Undefined Weak Reference
    __Vectors_Size                           0x00000184   Number         0  startup_at32f403a_407.o ABSOLUTE
    __Vectors                                0x08000000   Data           4  startup_at32f403a_407.o(RESET)
    __Vectors_End                            0x08000184   Data           0  startup_at32f403a_407.o(RESET)
    __main                                   0x08000185   Thumb Code     8  __main.o(!!!main)
    __scatterload                            0x0800018d   Thumb Code     0  __scatter.o(!!!scatter)
    __scatterload_rt2                        0x0800018d   Thumb Code    44  __scatter.o(!!!scatter)
    __scatterload_rt2_thumb_only             0x0800018d   Thumb Code     0  __scatter.o(!!!scatter)
    __scatterload_null                       0x0800019b   Thumb Code     0  __scatter.o(!!!scatter)
    __scatterload_copy                       0x080001c1   Thumb Code    26  __scatter_copy.o(!!handler_copy)
    __scatterload_zeroinit                   0x080001dd   Thumb Code    28  __scatter_zi.o(!!handler_zi)
    __rt_lib_init                            0x080001f9   Thumb Code     0  libinit.o(.ARM.Collect$$libinit$$00000000)
    __rt_lib_init_fp_1                       0x080001fb   Thumb Code     0  libinit2.o(.ARM.Collect$$libinit$$00000001)
    __rt_lib_init_alloca_1                   0x080001ff   Thumb Code     0  libinit2.o(.ARM.Collect$$libinit$$0000002E)
    __rt_lib_init_argv_1                     0x080001ff   Thumb Code     0  libinit2.o(.ARM.Collect$$libinit$$0000002C)
    __rt_lib_init_atexit_1                   0x080001ff   Thumb Code     0  libinit2.o(.ARM.Collect$$libinit$$0000001B)
    __rt_lib_init_clock_1                    0x080001ff   Thumb Code     0  libinit2.o(.ARM.Collect$$libinit$$00000021)
    __rt_lib_init_cpp_1                      0x080001ff   Thumb Code     0  libinit2.o(.ARM.Collect$$libinit$$00000032)
    __rt_lib_init_exceptions_1               0x080001ff   Thumb Code     0  libinit2.o(.ARM.Collect$$libinit$$00000030)
    __rt_lib_init_fp_trap_1                  0x080001ff   Thumb Code     0  libinit2.o(.ARM.Collect$$libinit$$0000001F)
    __rt_lib_init_getenv_1                   0x080001ff   Thumb Code     0  libinit2.o(.ARM.Collect$$libinit$$00000023)
    __rt_lib_init_heap_1                     0x080001ff   Thumb Code     0  libinit2.o(.ARM.Collect$$libinit$$0000000A)
    __rt_lib_init_lc_collate_1               0x080001ff   Thumb Code     0  libinit2.o(.ARM.Collect$$libinit$$00000011)
    __rt_lib_init_lc_ctype_1                 0x080001ff   Thumb Code     0  libinit2.o(.ARM.Collect$$libinit$$00000013)
    __rt_lib_init_lc_monetary_1              0x080001ff   Thumb Code     0  libinit2.o(.ARM.Collect$$libinit$$00000015)
    __rt_lib_init_lc_numeric_1               0x080001ff   Thumb Code     0  libinit2.o(.ARM.Collect$$libinit$$00000017)
    __rt_lib_init_lc_time_1                  0x080001ff   Thumb Code     0  libinit2.o(.ARM.Collect$$libinit$$00000019)
    __rt_lib_init_preinit_1                  0x080001ff   Thumb Code     0  libinit2.o(.ARM.Collect$$libinit$$00000004)
    __rt_lib_init_rand_1                     0x080001ff   Thumb Code     0  libinit2.o(.ARM.Collect$$libinit$$0000000E)
    __rt_lib_init_return                     0x080001ff   Thumb Code     0  libinit2.o(.ARM.Collect$$libinit$$00000033)
    __rt_lib_init_signal_1                   0x080001ff   Thumb Code     0  libinit2.o(.ARM.Collect$$libinit$$0000001D)
    __rt_lib_init_stdio_1                    0x080001ff   Thumb Code     0  libinit2.o(.ARM.Collect$$libinit$$00000025)
    __rt_lib_init_user_alloc_1               0x080001ff   Thumb Code     0  libinit2.o(.ARM.Collect$$libinit$$0000000C)
    __rt_lib_shutdown                        0x08000201   Thumb Code     0  libshutdown.o(.ARM.Collect$$libshutdown$$00000000)
    __rt_lib_shutdown_cpp_1                  0x08000203   Thumb Code     0  libshutdown2.o(.ARM.Collect$$libshutdown$$00000004)
    __rt_lib_shutdown_fini_1                 0x08000203   Thumb Code     0  libshutdown2.o(.ARM.Collect$$libshutdown$$00000002)
    __rt_lib_shutdown_fp_trap_1              0x08000203   Thumb Code     0  libshutdown2.o(.ARM.Collect$$libshutdown$$00000009)
    __rt_lib_shutdown_heap_1                 0x08000203   Thumb Code     0  libshutdown2.o(.ARM.Collect$$libshutdown$$00000011)
    __rt_lib_shutdown_return                 0x08000203   Thumb Code     0  libshutdown2.o(.ARM.Collect$$libshutdown$$00000012)
    __rt_lib_shutdown_signal_1               0x08000203   Thumb Code     0  libshutdown2.o(.ARM.Collect$$libshutdown$$0000000C)
    __rt_lib_shutdown_stdio_1                0x08000203   Thumb Code     0  libshutdown2.o(.ARM.Collect$$libshutdown$$00000006)
    __rt_lib_shutdown_user_alloc_1           0x08000203   Thumb Code     0  libshutdown2.o(.ARM.Collect$$libshutdown$$0000000E)
    __rt_entry                               0x08000205   Thumb Code     0  __rtentry.o(.ARM.Collect$$rtentry$$00000000)
    __rt_entry_presh_1                       0x08000205   Thumb Code     0  __rtentry2.o(.ARM.Collect$$rtentry$$00000002)
    __rt_entry_sh                            0x08000205   Thumb Code     0  __rtentry4.o(.ARM.Collect$$rtentry$$00000004)
    __rt_entry_li                            0x0800020b   Thumb Code     0  __rtentry2.o(.ARM.Collect$$rtentry$$0000000A)
    __rt_entry_postsh_1                      0x0800020b   Thumb Code     0  __rtentry2.o(.ARM.Collect$$rtentry$$00000009)
    __rt_entry_main                          0x0800020f   Thumb Code     0  __rtentry2.o(.ARM.Collect$$rtentry$$0000000D)
    __rt_entry_postli_1                      0x0800020f   Thumb Code     0  __rtentry2.o(.ARM.Collect$$rtentry$$0000000C)
    __rt_exit                                0x08000217   Thumb Code     0  rtexit.o(.ARM.Collect$$rtexit$$00000000)
    __rt_exit_ls                             0x08000219   Thumb Code     0  rtexit2.o(.ARM.Collect$$rtexit$$00000003)
    __rt_exit_prels_1                        0x08000219   Thumb Code     0  rtexit2.o(.ARM.Collect$$rtexit$$00000002)
    __rt_exit_exit                           0x0800021d   Thumb Code     0  rtexit2.o(.ARM.Collect$$rtexit$$00000004)
    Reset_Handler                            0x08000225   Thumb Code     8  startup_at32f403a_407.o(.text)
    ACC_IRQHandler                           0x0800023f   Thumb Code     0  startup_at32f403a_407.o(.text)
    ADC1_2_IRQHandler                        0x0800023f   Thumb Code     0  startup_at32f403a_407.o(.text)
    ADC3_IRQHandler                          0x0800023f   Thumb Code     0  startup_at32f403a_407.o(.text)
    CAN1_RX1_IRQHandler                      0x0800023f   Thumb Code     0  startup_at32f403a_407.o(.text)
    CAN1_SE_IRQHandler                       0x0800023f   Thumb Code     0  startup_at32f403a_407.o(.text)
    CAN2_RX0_IRQHandler                      0x0800023f   Thumb Code     0  startup_at32f403a_407.o(.text)
    CAN2_RX1_IRQHandler                      0x0800023f   Thumb Code     0  startup_at32f403a_407.o(.text)
    CAN2_SE_IRQHandler                       0x0800023f   Thumb Code     0  startup_at32f403a_407.o(.text)
    CAN2_TX_IRQHandler                       0x0800023f   Thumb Code     0  startup_at32f403a_407.o(.text)
    CRM_IRQHandler                           0x0800023f   Thumb Code     0  startup_at32f403a_407.o(.text)
    DMA1_Channel1_IRQHandler                 0x0800023f   Thumb Code     0  startup_at32f403a_407.o(.text)
    DMA1_Channel2_IRQHandler                 0x0800023f   Thumb Code     0  startup_at32f403a_407.o(.text)
    DMA1_Channel3_IRQHandler                 0x0800023f   Thumb Code     0  startup_at32f403a_407.o(.text)
    DMA1_Channel4_IRQHandler                 0x0800023f   Thumb Code     0  startup_at32f403a_407.o(.text)
    DMA1_Channel5_IRQHandler                 0x0800023f   Thumb Code     0  startup_at32f403a_407.o(.text)
    DMA1_Channel6_IRQHandler                 0x0800023f   Thumb Code     0  startup_at32f403a_407.o(.text)
    DMA1_Channel7_IRQHandler                 0x0800023f   Thumb Code     0  startup_at32f403a_407.o(.text)
    DMA2_Channel1_IRQHandler                 0x0800023f   Thumb Code     0  startup_at32f403a_407.o(.text)
    DMA2_Channel2_IRQHandler                 0x0800023f   Thumb Code     0  startup_at32f403a_407.o(.text)
    DMA2_Channel3_IRQHandler                 0x0800023f   Thumb Code     0  startup_at32f403a_407.o(.text)
    DMA2_Channel4_5_IRQHandler               0x0800023f   Thumb Code     0  startup_at32f403a_407.o(.text)
    DMA2_Channel6_7_IRQHandler               0x0800023f   Thumb Code     0  startup_at32f403a_407.o(.text)
    EMAC_IRQHandler                          0x0800023f   Thumb Code     0  startup_at32f403a_407.o(.text)
    EMAC_WKUP_IRQHandler                     0x0800023f   Thumb Code     0  startup_at32f403a_407.o(.text)
    EXINT15_10_IRQHandler                    0x0800023f   Thumb Code     0  startup_at32f403a_407.o(.text)
    EXINT1_IRQHandler                        0x0800023f   Thumb Code     0  startup_at32f403a_407.o(.text)
    EXINT2_IRQHandler                        0x0800023f   Thumb Code     0  startup_at32f403a_407.o(.text)
    EXINT3_IRQHandler                        0x0800023f   Thumb Code     0  startup_at32f403a_407.o(.text)
    EXINT4_IRQHandler                        0x0800023f   Thumb Code     0  startup_at32f403a_407.o(.text)
    EXINT9_5_IRQHandler                      0x0800023f   Thumb Code     0  startup_at32f403a_407.o(.text)
    FLASH_IRQHandler                         0x0800023f   Thumb Code     0  startup_at32f403a_407.o(.text)
    I2C1_ERR_IRQHandler                      0x0800023f   Thumb Code     0  startup_at32f403a_407.o(.text)
    I2C1_EVT_IRQHandler                      0x0800023f   Thumb Code     0  startup_at32f403a_407.o(.text)
    I2C2_ERR_IRQHandler                      0x0800023f   Thumb Code     0  startup_at32f403a_407.o(.text)
    I2C2_EVT_IRQHandler                      0x0800023f   Thumb Code     0  startup_at32f403a_407.o(.text)
    I2C3_ERR_IRQHandler                      0x0800023f   Thumb Code     0  startup_at32f403a_407.o(.text)
    I2C3_EVT_IRQHandler                      0x0800023f   Thumb Code     0  startup_at32f403a_407.o(.text)
    PVM_IRQHandler                           0x0800023f   Thumb Code     0  startup_at32f403a_407.o(.text)
    RTCAlarm_IRQHandler                      0x0800023f   Thumb Code     0  startup_at32f403a_407.o(.text)
    RTC_IRQHandler                           0x0800023f   Thumb Code     0  startup_at32f403a_407.o(.text)
    SDIO1_IRQHandler                         0x0800023f   Thumb Code     0  startup_at32f403a_407.o(.text)
    SDIO2_IRQHandler                         0x0800023f   Thumb Code     0  startup_at32f403a_407.o(.text)
    SPI1_IRQHandler                          0x0800023f   Thumb Code     0  startup_at32f403a_407.o(.text)
    SPI2_I2S2EXT_IRQHandler                  0x0800023f   Thumb Code     0  startup_at32f403a_407.o(.text)
    SPI3_I2S3EXT_IRQHandler                  0x0800023f   Thumb Code     0  startup_at32f403a_407.o(.text)
    SPI4_IRQHandler                          0x0800023f   Thumb Code     0  startup_at32f403a_407.o(.text)
    TAMPER_IRQHandler                        0x0800023f   Thumb Code     0  startup_at32f403a_407.o(.text)
    TMR1_BRK_TMR9_IRQHandler                 0x0800023f   Thumb Code     0  startup_at32f403a_407.o(.text)
    TMR1_CH_IRQHandler                       0x0800023f   Thumb Code     0  startup_at32f403a_407.o(.text)
    TMR1_OVF_TMR10_IRQHandler                0x0800023f   Thumb Code     0  startup_at32f403a_407.o(.text)
    TMR1_TRG_HALL_TMR11_IRQHandler           0x0800023f   Thumb Code     0  startup_at32f403a_407.o(.text)
    TMR2_GLOBAL_IRQHandler                   0x0800023f   Thumb Code     0  startup_at32f403a_407.o(.text)
    TMR3_GLOBAL_IRQHandler                   0x0800023f   Thumb Code     0  startup_at32f403a_407.o(.text)
    TMR4_GLOBAL_IRQHandler                   0x0800023f   Thumb Code     0  startup_at32f403a_407.o(.text)
    TMR5_GLOBAL_IRQHandler                   0x0800023f   Thumb Code     0  startup_at32f403a_407.o(.text)
    TMR6_GLOBAL_IRQHandler                   0x0800023f   Thumb Code     0  startup_at32f403a_407.o(.text)
    TMR7_GLOBAL_IRQHandler                   0x0800023f   Thumb Code     0  startup_at32f403a_407.o(.text)
    TMR8_BRK_TMR12_IRQHandler                0x0800023f   Thumb Code     0  startup_at32f403a_407.o(.text)
    TMR8_CH_IRQHandler                       0x0800023f   Thumb Code     0  startup_at32f403a_407.o(.text)
    TMR8_OVF_TMR13_IRQHandler                0x0800023f   Thumb Code     0  startup_at32f403a_407.o(.text)
    TMR8_TRG_HALL_TMR14_IRQHandler           0x0800023f   Thumb Code     0  startup_at32f403a_407.o(.text)
    UART4_IRQHandler                         0x0800023f   Thumb Code     0  startup_at32f403a_407.o(.text)
    UART5_IRQHandler                         0x0800023f   Thumb Code     0  startup_at32f403a_407.o(.text)
    UART7_IRQHandler                         0x0800023f   Thumb Code     0  startup_at32f403a_407.o(.text)
    UART8_IRQHandler                         0x0800023f   Thumb Code     0  startup_at32f403a_407.o(.text)
    USART2_IRQHandler                        0x0800023f   Thumb Code     0  startup_at32f403a_407.o(.text)
    USART3_IRQHandler                        0x0800023f   Thumb Code     0  startup_at32f403a_407.o(.text)
    USART6_IRQHandler                        0x0800023f   Thumb Code     0  startup_at32f403a_407.o(.text)
    USBFSWakeUp_IRQHandler                   0x0800023f   Thumb Code     0  startup_at32f403a_407.o(.text)
    USBFS_H_CAN1_TX_IRQHandler               0x0800023f   Thumb Code     0  startup_at32f403a_407.o(.text)
    USBFS_L_CAN1_RX0_IRQHandler              0x0800023f   Thumb Code     0  startup_at32f403a_407.o(.text)
    USBFS_MAPH_IRQHandler                    0x0800023f   Thumb Code     0  startup_at32f403a_407.o(.text)
    USBFS_MAPL_IRQHandler                    0x0800023f   Thumb Code     0  startup_at32f403a_407.o(.text)
    WWDT_IRQHandler                          0x0800023f   Thumb Code     0  startup_at32f403a_407.o(.text)
    XMC_IRQHandler                           0x0800023f   Thumb Code     0  startup_at32f403a_407.o(.text)
    __user_initial_stackheap                 0x08000241   Thumb Code     0  startup_at32f403a_407.o(.text)
    __use_no_semihosting                     0x08000265   Thumb Code     2  use_no_semi_2.o(.text)
    __use_two_region_memory                  0x08000267   Thumb Code     2  heapauxi.o(.text)
    __rt_heap_escrow$2region                 0x08000269   Thumb Code     2  heapauxi.o(.text)
    __rt_heap_expand$2region                 0x0800026b   Thumb Code     2  heapauxi.o(.text)
    __I$use$semihosting                      0x0800026d   Thumb Code     0  use_no_semi.o(.text)
    __use_no_semihosting_swi                 0x0800026d   Thumb Code     2  use_no_semi.o(.text)
    __user_setup_stackheap                   0x0800026f   Thumb Code    74  sys_stackheap_outer.o(.text)
    exit                                     0x080002b9   Thumb Code    18  exit.o(.text)
    __user_libspace                          0x080002cd   Thumb Code     8  libspace.o(.text)
    __user_perproc_libspace                  0x080002cd   Thumb Code     0  libspace.o(.text)
    __user_perthread_libspace                0x080002cd   Thumb Code     0  libspace.o(.text)
    BusFault_Handler                         0x080002d5   Thumb Code     4  at32f403a_407_int.o(i.BusFault_Handler)
    DebugMon_Handler                         0x080002d9   Thumb Code     2  at32f403a_407_int.o(i.DebugMon_Handler)
    EXINT0_IRQHandler                        0x080002dd   Thumb Code    38  main.o(i.EXINT0_IRQHandler)
    HardFault_Handler                        0x08000309   Thumb Code     4  at32f403a_407_int.o(i.HardFault_Handler)
    MemManage_Handler                        0x0800030d   Thumb Code     4  at32f403a_407_int.o(i.MemManage_Handler)
    NMI_Handler                              0x08000311   Thumb Code     2  at32f403a_407_int.o(i.NMI_Handler)
    PendSV_Handler                           0x08000313   Thumb Code     2  at32f403a_407_int.o(i.PendSV_Handler)
    SVC_Handler                              0x08000315   Thumb Code     2  at32f403a_407_int.o(i.SVC_Handler)
    SysTick_Handler                          0x08000317   Thumb Code     2  at32f403a_407_int.o(i.SysTick_Handler)
    SystemInit                               0x08000319   Thumb Code   100  system_at32f403a_407.o(i.SystemInit)
    USART1_IRQHandler                        0x08000389   Thumb Code   104  slip_uart.o(i.USART1_IRQHandler)
    UsageFault_Handler                       0x08000401   Thumb Code     4  at32f403a_407_int.o(i.UsageFault_Handler)
    _sys_exit                                0x08000405   Thumb Code     4  at32f403a_407_board.o(i._sys_exit)
    at32_board_init                          0x08000409   Thumb Code    48  at32f403a_407_board.o(i.at32_board_init)
    at32_button_init                         0x08000439   Thumb Code    52  at32f403a_407_board.o(i.at32_button_init)
    at32_led_init                            0x08000475   Thumb Code    68  at32f403a_407_board.o(i.at32_led_init)
    at32_led_off                             0x080004c5   Thumb Code    32  at32f403a_407_board.o(i.at32_led_off)
    at32_led_toggle                          0x080004ed   Thumb Code    42  at32f403a_407_board.o(i.at32_led_toggle)
    button_exint_init                        0x08000521   Thumb Code    72  main.o(i.button_exint_init)
    button_isr                               0x08000569   Thumb Code    48  main.o(i.button_isr)
    clear_flash                              0x080005a1   Thumb Code    20  settings_trans.o(i.clear_flash)
    crc8                                     0x080005b5   Thumb Code    62  settings_trans.o(i.crc8)
    crm_ahb_div_set                          0x080005f5   Thumb Code    14  at32f403a_407_crm.o(i.crm_ahb_div_set)
    crm_apb1_div_set                         0x08000609   Thumb Code    14  at32f403a_407_crm.o(i.crm_apb1_div_set)
    crm_apb2_div_set                         0x0800061d   Thumb Code    14  at32f403a_407_crm.o(i.crm_apb2_div_set)
    crm_auto_step_mode_enable                0x08000631   Thumb Code    34  at32f403a_407_crm.o(i.crm_auto_step_mode_enable)
    crm_clock_source_enable                  0x08000659   Thumb Code    90  at32f403a_407_crm.o(i.crm_clock_source_enable)
    crm_clocks_freq_get                      0x080006b9   Thumb Code   268  at32f403a_407_crm.o(i.crm_clocks_freq_get)
    crm_flag_get                             0x080007e5   Thumb Code    42  at32f403a_407_crm.o(i.crm_flag_get)
    crm_hext_clock_div_set                   0x08000815   Thumb Code    14  at32f403a_407_crm.o(i.crm_hext_clock_div_set)
    crm_hext_stable_wait                     0x08000829   Thumb Code    46  at32f403a_407_crm.o(i.crm_hext_stable_wait)
    crm_periph_clock_enable                  0x08000859   Thumb Code    62  at32f403a_407_crm.o(i.crm_periph_clock_enable)
    crm_pll_config                           0x0800089d   Thumb Code   118  at32f403a_407_crm.o(i.crm_pll_config)
    crm_reset                                0x08000919   Thumb Code    80  at32f403a_407_crm.o(i.crm_reset)
    crm_sysclk_switch                        0x08000971   Thumb Code    54  at32f403a_407_crm.o(i.crm_sysclk_switch)
    crm_sysclk_switch_status_get             0x080009ad   Thumb Code    10  at32f403a_407_crm.o(i.crm_sysclk_switch_status_get)
    data_to_slip_buff                        0x080009bd   Thumb Code   128  slip_uart.o(i.data_to_slip_buff)
    debug_f                                  0x08000a45   Thumb Code    28  slip_uart.o(i.debug_f)
    delay_init                               0x08000a65   Thumb Code    38  at32f403a_407_board.o(i.delay_init)
    delay_ms                                 0x08000a9d   Thumb Code   110  at32f403a_407_board.o(i.delay_ms)
    exint_default_para_init                  0x08000b11   Thumb Code    14  at32f403a_407_exint.o(i.exint_default_para_init)
    exint_flag_clear                         0x08000b21   Thumb Code    28  at32f403a_407_exint.o(i.exint_flag_clear)
    exint_init                               0x08000b41   Thumb Code   148  at32f403a_407_exint.o(i.exint_init)
    flash_bank1_operation_status_get         0x08000bd9   Thumb Code    48  at32f403a_407_flash.o(i.flash_bank1_operation_status_get)
    flash_bank1_operation_wait_for           0x08000c0d   Thumb Code    36  at32f403a_407_flash.o(i.flash_bank1_operation_wait_for)
    flash_bank2_operation_status_get         0x08000c31   Thumb Code    48  at32f403a_407_flash.o(i.flash_bank2_operation_status_get)
    flash_bank2_operation_wait_for           0x08000c65   Thumb Code    36  at32f403a_407_flash.o(i.flash_bank2_operation_wait_for)
    flash_byte_program                       0x08000c89   Thumb Code   116  at32f403a_407_flash.o(i.flash_byte_program)
    flash_lock                               0x08000d05   Thumb Code    28  at32f403a_407_flash.o(i.flash_lock)
    flash_sector_erase                       0x08000d25   Thumb Code   214  at32f403a_407_flash.o(i.flash_sector_erase)
    flash_spim_dummy_read                    0x08000e05   Thumb Code    16  at32f403a_407_flash.o(i.flash_spim_dummy_read)
    flash_spim_operation_status_get          0x08000e1d   Thumb Code    48  at32f403a_407_flash.o(i.flash_spim_operation_status_get)
    flash_spim_operation_wait_for            0x08000e51   Thumb Code    36  at32f403a_407_flash.o(i.flash_spim_operation_wait_for)
    flash_unlock                             0x08000e75   Thumb Code    20  at32f403a_407_flash.o(i.flash_unlock)
    gpio_configuration                       0x08000e95   Thumb Code    90  main.o(i.gpio_configuration)
    gpio_default_para_init                   0x08000ef9   Thumb Code    22  at32f403a_407_gpio.o(i.gpio_default_para_init)
    gpio_exint_line_config                   0x08000f11   Thumb Code   158  at32f403a_407_gpio.o(i.gpio_exint_line_config)
    gpio_init                                0x08000fb5   Thumb Code   168  at32f403a_407_gpio.o(i.gpio_init)
    gpio_input_data_bit_read                 0x0800105d   Thumb Code    18  at32f403a_407_gpio.o(i.gpio_input_data_bit_read)
    input_handler                            0x08001071   Thumb Code   138  slip_uart.o(i.input_handler)
    main                                     0x08001101   Thumb Code    84  main.o(i.main)
    nvic_irq_enable                          0x08001159   Thumb Code   190  at32f403a_407_misc.o(i.nvic_irq_enable)
    nvic_priority_group_config               0x08001221   Thumb Code    32  at32f403a_407_misc.o(i.nvic_priority_group_config)
    read_data_from_flash                     0x08001249   Thumb Code    28  settings_trans.o(i.read_data_from_flash)
    read_slip_uart                           0x08001265   Thumb Code    28  slip_uart.o(i.read_slip_uart)
    slip_buff_to_data                        0x08001285   Thumb Code   106  slip_uart.o(i.slip_buff_to_data)
    slip_uart_configuration                  0x080012f5   Thumb Code    88  slip_uart.o(i.slip_uart_configuration)
    system_clock_config                      0x08001359   Thumb Code   112  at32f403a_407_clock.o(i.system_clock_config)
    system_core_clock_update                 0x080013c9   Thumb Code   222  system_at32f403a_407.o(i.system_core_clock_update)
    systick_clock_source_config              0x080014c1   Thumb Code    40  at32f403a_407_misc.o(i.systick_clock_source_config)
    usart_data_receive                       0x080014e9   Thumb Code     8  at32f403a_407_usart.o(i.usart_data_receive)
    usart_data_transmit                      0x080014f1   Thumb Code     8  at32f403a_407_usart.o(i.usart_data_transmit)
    usart_enable                             0x080014f9   Thumb Code    10  at32f403a_407_usart.o(i.usart_enable)
    usart_flag_get                           0x08001503   Thumb Code    16  at32f403a_407_usart.o(i.usart_flag_get)
    usart_init                               0x08001515   Thumb Code   120  at32f403a_407_usart.o(i.usart_init)
    usart_interrupt_enable                   0x0800159d   Thumb Code    54  at32f403a_407_usart.o(i.usart_interrupt_enable)
    usart_receiver_enable                    0x080015d3   Thumb Code    10  at32f403a_407_usart.o(i.usart_receiver_enable)
    usart_transmitter_enable                 0x080015dd   Thumb Code    10  at32f403a_407_usart.o(i.usart_transmitter_enable)
    write_data_to_flash                      0x080015e7   Thumb Code    70  settings_trans.o(i.write_data_to_flash)
    write_slip_uart                          0x0800162d   Thumb Code    74  slip_uart.o(i.write_slip_uart)
    _fp_init                                 0x08001685   Thumb Code    10  fpinit.o(x$fpl$fpinit)
    __fplib_config_fpu_vfp                   0x0800168d   Thumb Code     0  fpinit.o(x$fpl$fpinit)
    __fplib_config_pureend_doubles           0x0800168d   Thumb Code     0  fpinit.o(x$fpl$fpinit)
    Region$$Table$$Base                      0x080016c8   Number         0  anon$$obj.o(Region$$Table)
    Region$$Table$$Limit                     0x080016e8   Number         0  anon$$obj.o(Region$$Table)
    g_speed                                  0x20000004   Data           1  main.o(.data)
    uart_tx_counter                          0x2000000c   Data           1  slip_uart.o(.data)
    RX_BUFFER_READY                          0x2000000d   Data           1  slip_uart.o(.data)
    uart_rx_counter                          0x2000000e   Data           1  slip_uart.o(.data)
    led_gpio_port                            0x20000010   Data          12  at32f403a_407_board.o(.data)
    led_gpio_pin                             0x2000001c   Data           6  at32f403a_407_board.o(.data)
    led_gpio_crm_clk                         0x20000024   Data          12  at32f403a_407_board.o(.data)
    __stdout                                 0x20000038   Data           4  at32f403a_407_board.o(.data)
    system_core_clock                        0x20000040   Data           4  system_at32f403a_407.o(.data)
    uart_tx_buffer                           0x20000044   Data          15  slip_uart.o(.bss)
    uart_rx_buffer                           0x20000053   Data          15  slip_uart.o(.bss)
    __libspace_start                         0x20000064   Data          96  libspace.o(.bss)
    __temporary_stack_top$libspace           0x200000c4   Data           0  libspace.o(.bss)



==============================================================================

Memory Map of the image

  Image Entry point : 0x08000185

  Load Region LR_IROM1 (Base: 0x08000000, Size: 0x0000172c, Max: 0x00100000, ABSOLUTE)

    Execution Region ER_IROM1 (Exec base: 0x08000000, Load base: 0x08000000, Size: 0x000016e8, Max: 0x00100000, ABSOLUTE)

    Exec Addr    Load Addr    Size         Type   Attr      Idx    E Section Name        Object

    0x08000000   0x08000000   0x00000184   Data   RO         3978    RESET               startup_at32f403a_407.o
    0x08000184   0x08000184   0x00000008   Code   RO         3989  * !!!main             c_w.l(__main.o)
    0x0800018c   0x0800018c   0x00000034   Code   RO         4144    !!!scatter          c_w.l(__scatter.o)
    0x080001c0   0x080001c0   0x0000001a   Code   RO         4146    !!handler_copy      c_w.l(__scatter_copy.o)
    0x080001da   0x080001da   0x00000002   PAD
    0x080001dc   0x080001dc   0x0000001c   Code   RO         4148    !!handler_zi        c_w.l(__scatter_zi.o)
    0x080001f8   0x080001f8   0x00000002   Code   RO         4018    .ARM.Collect$$libinit$$00000000  c_w.l(libinit.o)
    0x080001fa   0x080001fa   0x00000004   Code   RO         4024    .ARM.Collect$$libinit$$00000001  c_w.l(libinit2.o)
    0x080001fe   0x080001fe   0x00000000   Code   RO         4027    .ARM.Collect$$libinit$$00000004  c_w.l(libinit2.o)
    0x080001fe   0x080001fe   0x00000000   Code   RO         4030    .ARM.Collect$$libinit$$0000000A  c_w.l(libinit2.o)
    0x080001fe   0x080001fe   0x00000000   Code   RO         4032    .ARM.Collect$$libinit$$0000000C  c_w.l(libinit2.o)
    0x080001fe   0x080001fe   0x00000000   Code   RO         4034    .ARM.Collect$$libinit$$0000000E  c_w.l(libinit2.o)
    0x080001fe   0x080001fe   0x00000000   Code   RO         4037    .ARM.Collect$$libinit$$00000011  c_w.l(libinit2.o)
    0x080001fe   0x080001fe   0x00000000   Code   RO         4039    .ARM.Collect$$libinit$$00000013  c_w.l(libinit2.o)
    0x080001fe   0x080001fe   0x00000000   Code   RO         4041    .ARM.Collect$$libinit$$00000015  c_w.l(libinit2.o)
    0x080001fe   0x080001fe   0x00000000   Code   RO         4043    .ARM.Collect$$libinit$$00000017  c_w.l(libinit2.o)
    0x080001fe   0x080001fe   0x00000000   Code   RO         4045    .ARM.Collect$$libinit$$00000019  c_w.l(libinit2.o)
    0x080001fe   0x080001fe   0x00000000   Code   RO         4047    .ARM.Collect$$libinit$$0000001B  c_w.l(libinit2.o)
    0x080001fe   0x080001fe   0x00000000   Code   RO         4049    .ARM.Collect$$libinit$$0000001D  c_w.l(libinit2.o)
    0x080001fe   0x080001fe   0x00000000   Code   RO         4051    .ARM.Collect$$libinit$$0000001F  c_w.l(libinit2.o)
    0x080001fe   0x080001fe   0x00000000   Code   RO         4053    .ARM.Collect$$libinit$$00000021  c_w.l(libinit2.o)
    0x080001fe   0x080001fe   0x00000000   Code   RO         4055    .ARM.Collect$$libinit$$00000023  c_w.l(libinit2.o)
    0x080001fe   0x080001fe   0x00000000   Code   RO         4057    .ARM.Collect$$libinit$$00000025  c_w.l(libinit2.o)
    0x080001fe   0x080001fe   0x00000000   Code   RO         4061    .ARM.Collect$$libinit$$0000002C  c_w.l(libinit2.o)
    0x080001fe   0x080001fe   0x00000000   Code   RO         4063    .ARM.Collect$$libinit$$0000002E  c_w.l(libinit2.o)
    0x080001fe   0x080001fe   0x00000000   Code   RO         4065    .ARM.Collect$$libinit$$00000030  c_w.l(libinit2.o)
    0x080001fe   0x080001fe   0x00000000   Code   RO         4067    .ARM.Collect$$libinit$$00000032  c_w.l(libinit2.o)
    0x080001fe   0x080001fe   0x00000002   Code   RO         4068    .ARM.Collect$$libinit$$00000033  c_w.l(libinit2.o)
    0x08000200   0x08000200   0x00000002   Code   RO         4086    .ARM.Collect$$libshutdown$$00000000  c_w.l(libshutdown.o)
    0x08000202   0x08000202   0x00000000   Code   RO         4096    .ARM.Collect$$libshutdown$$00000002  c_w.l(libshutdown2.o)
    0x08000202   0x08000202   0x00000000   Code   RO         4098    .ARM.Collect$$libshutdown$$00000004  c_w.l(libshutdown2.o)
    0x08000202   0x08000202   0x00000000   Code   RO         4100    .ARM.Collect$$libshutdown$$00000006  c_w.l(libshutdown2.o)
    0x08000202   0x08000202   0x00000000   Code   RO         4103    .ARM.Collect$$libshutdown$$00000009  c_w.l(libshutdown2.o)
    0x08000202   0x08000202   0x00000000   Code   RO         4106    .ARM.Collect$$libshutdown$$0000000C  c_w.l(libshutdown2.o)
    0x08000202   0x08000202   0x00000000   Code   RO         4108    .ARM.Collect$$libshutdown$$0000000E  c_w.l(libshutdown2.o)
    0x08000202   0x08000202   0x00000000   Code   RO         4111    .ARM.Collect$$libshutdown$$00000011  c_w.l(libshutdown2.o)
    0x08000202   0x08000202   0x00000002   Code   RO         4112    .ARM.Collect$$libshutdown$$00000012  c_w.l(libshutdown2.o)
    0x08000204   0x08000204   0x00000000   Code   RO         3993    .ARM.Collect$$rtentry$$00000000  c_w.l(__rtentry.o)
    0x08000204   0x08000204   0x00000000   Code   RO         3995    .ARM.Collect$$rtentry$$00000002  c_w.l(__rtentry2.o)
    0x08000204   0x08000204   0x00000006   Code   RO         4007    .ARM.Collect$$rtentry$$00000004  c_w.l(__rtentry4.o)
    0x0800020a   0x0800020a   0x00000000   Code   RO         3997    .ARM.Collect$$rtentry$$00000009  c_w.l(__rtentry2.o)
    0x0800020a   0x0800020a   0x00000004   Code   RO         3998    .ARM.Collect$$rtentry$$0000000A  c_w.l(__rtentry2.o)
    0x0800020e   0x0800020e   0x00000000   Code   RO         4000    .ARM.Collect$$rtentry$$0000000C  c_w.l(__rtentry2.o)
    0x0800020e   0x0800020e   0x00000008   Code   RO         4001    .ARM.Collect$$rtentry$$0000000D  c_w.l(__rtentry2.o)
    0x08000216   0x08000216   0x00000002   Code   RO         4022    .ARM.Collect$$rtexit$$00000000  c_w.l(rtexit.o)
    0x08000218   0x08000218   0x00000000   Code   RO         4070    .ARM.Collect$$rtexit$$00000002  c_w.l(rtexit2.o)
    0x08000218   0x08000218   0x00000004   Code   RO         4071    .ARM.Collect$$rtexit$$00000003  c_w.l(rtexit2.o)
    0x0800021c   0x0800021c   0x00000006   Code   RO         4072    .ARM.Collect$$rtexit$$00000004  c_w.l(rtexit2.o)
    0x08000222   0x08000222   0x00000002   PAD
    0x08000224   0x08000224   0x00000040   Code   RO         3979    .text               startup_at32f403a_407.o
    0x08000264   0x08000264   0x00000002   Code   RO         3985    .text               c_w.l(use_no_semi_2.o)
    0x08000266   0x08000266   0x00000006   Code   RO         3987    .text               c_w.l(heapauxi.o)
    0x0800026c   0x0800026c   0x00000002   Code   RO         3991    .text               c_w.l(use_no_semi.o)
    0x0800026e   0x0800026e   0x0000004a   Code   RO         4009    .text               c_w.l(sys_stackheap_outer.o)
    0x080002b8   0x080002b8   0x00000012   Code   RO         4011    .text               c_w.l(exit.o)
    0x080002ca   0x080002ca   0x00000002   PAD
    0x080002cc   0x080002cc   0x00000008   Code   RO         4019    .text               c_w.l(libspace.o)
    0x080002d4   0x080002d4   0x00000004   Code   RO          142    i.BusFault_Handler  at32f403a_407_int.o
    0x080002d8   0x080002d8   0x00000002   Code   RO          143    i.DebugMon_Handler  at32f403a_407_int.o
    0x080002da   0x080002da   0x00000002   PAD
    0x080002dc   0x080002dc   0x0000002c   Code   RO          217    i.EXINT0_IRQHandler  main.o
    0x08000308   0x08000308   0x00000004   Code   RO          144    i.HardFault_Handler  at32f403a_407_int.o
    0x0800030c   0x0800030c   0x00000004   Code   RO          145    i.MemManage_Handler  at32f403a_407_int.o
    0x08000310   0x08000310   0x00000002   Code   RO          146    i.NMI_Handler       at32f403a_407_int.o
    0x08000312   0x08000312   0x00000002   Code   RO          147    i.PendSV_Handler    at32f403a_407_int.o
    0x08000314   0x08000314   0x00000002   Code   RO          148    i.SVC_Handler       at32f403a_407_int.o
    0x08000316   0x08000316   0x00000002   Code   RO          149    i.SysTick_Handler   at32f403a_407_int.o
    0x08000318   0x08000318   0x00000070   Code   RO         3942    i.SystemInit        system_at32f403a_407.o
    0x08000388   0x08000388   0x00000078   Code   RO          361    i.USART1_IRQHandler  slip_uart.o
    0x08000400   0x08000400   0x00000004   Code   RO          150    i.UsageFault_Handler  at32f403a_407_int.o
    0x08000404   0x08000404   0x00000004   Code   RO          431    i._sys_exit         at32f403a_407_board.o
    0x08000408   0x08000408   0x00000030   Code   RO          433    i.at32_board_init   at32f403a_407_board.o
    0x08000438   0x08000438   0x0000003c   Code   RO          434    i.at32_button_init  at32f403a_407_board.o
    0x08000474   0x08000474   0x00000050   Code   RO          437    i.at32_led_init     at32f403a_407_board.o
    0x080004c4   0x080004c4   0x00000028   Code   RO          438    i.at32_led_off      at32f403a_407_board.o
    0x080004ec   0x080004ec   0x00000034   Code   RO          440    i.at32_led_toggle   at32f403a_407_board.o
    0x08000520   0x08000520   0x00000048   Code   RO          218    i.button_exint_init  main.o
    0x08000568   0x08000568   0x00000038   Code   RO          219    i.button_isr        main.o
    0x080005a0   0x080005a0   0x00000014   Code   RO          287    i.clear_flash       settings_trans.o
    0x080005b4   0x080005b4   0x0000003e   Code   RO          290    i.crc8              settings_trans.o
    0x080005f2   0x080005f2   0x00000002   PAD
    0x080005f4   0x080005f4   0x00000014   Code   RO         1231    i.crm_ahb_div_set   at32f403a_407_crm.o
    0x08000608   0x08000608   0x00000014   Code   RO         1232    i.crm_apb1_div_set  at32f403a_407_crm.o
    0x0800061c   0x0800061c   0x00000014   Code   RO         1233    i.crm_apb2_div_set  at32f403a_407_crm.o
    0x08000630   0x08000630   0x00000028   Code   RO         1234    i.crm_auto_step_mode_enable  at32f403a_407_crm.o
    0x08000658   0x08000658   0x00000060   Code   RO         1240    i.crm_clock_source_enable  at32f403a_407_crm.o
    0x080006b8   0x080006b8   0x0000012c   Code   RO         1241    i.crm_clocks_freq_get  at32f403a_407_crm.o
    0x080007e4   0x080007e4   0x00000030   Code   RO         1243    i.crm_flag_get      at32f403a_407_crm.o
    0x08000814   0x08000814   0x00000014   Code   RO         1245    i.crm_hext_clock_div_set  at32f403a_407_crm.o
    0x08000828   0x08000828   0x0000002e   Code   RO         1246    i.crm_hext_stable_wait  at32f403a_407_crm.o
    0x08000856   0x08000856   0x00000002   PAD
    0x08000858   0x08000858   0x00000044   Code   RO         1254    i.crm_periph_clock_enable  at32f403a_407_crm.o
    0x0800089c   0x0800089c   0x0000007c   Code   RO         1257    i.crm_pll_config    at32f403a_407_crm.o
    0x08000918   0x08000918   0x00000058   Code   RO         1258    i.crm_reset         at32f403a_407_crm.o
    0x08000970   0x08000970   0x0000003c   Code   RO         1261    i.crm_sysclk_switch  at32f403a_407_crm.o
    0x080009ac   0x080009ac   0x00000010   Code   RO         1262    i.crm_sysclk_switch_status_get  at32f403a_407_crm.o
    0x080009bc   0x080009bc   0x00000088   Code   RO          362    i.data_to_slip_buff  slip_uart.o
    0x08000a44   0x08000a44   0x00000020   Code   RO          363    i.debug_f           slip_uart.o
    0x08000a64   0x08000a64   0x00000038   Code   RO          441    i.delay_init        at32f403a_407_board.o
    0x08000a9c   0x08000a9c   0x00000074   Code   RO          442    i.delay_ms          at32f403a_407_board.o
    0x08000b10   0x08000b10   0x0000000e   Code   RO         1699    i.exint_default_para_init  at32f403a_407_exint.o
    0x08000b1e   0x08000b1e   0x00000002   PAD
    0x08000b20   0x08000b20   0x00000020   Code   RO         1701    i.exint_flag_clear  at32f403a_407_exint.o
    0x08000b40   0x08000b40   0x00000098   Code   RO         1703    i.exint_init        at32f403a_407_exint.o
    0x08000bd8   0x08000bd8   0x00000034   Code   RO         1773    i.flash_bank1_operation_status_get  at32f403a_407_flash.o
    0x08000c0c   0x08000c0c   0x00000024   Code   RO         1774    i.flash_bank1_operation_wait_for  at32f403a_407_flash.o
    0x08000c30   0x08000c30   0x00000034   Code   RO         1778    i.flash_bank2_operation_status_get  at32f403a_407_flash.o
    0x08000c64   0x08000c64   0x00000024   Code   RO         1779    i.flash_bank2_operation_wait_for  at32f403a_407_flash.o
    0x08000c88   0x08000c88   0x0000007c   Code   RO         1781    i.flash_byte_program  at32f403a_407_flash.o
    0x08000d04   0x08000d04   0x00000020   Code   RO         1792    i.flash_lock        at32f403a_407_flash.o
    0x08000d24   0x08000d24   0x000000e0   Code   RO         1795    i.flash_sector_erase  at32f403a_407_flash.o
    0x08000e04   0x08000e04   0x00000018   Code   RO         1804    i.flash_spim_dummy_read  at32f403a_407_flash.o
    0x08000e1c   0x08000e1c   0x00000034   Code   RO         1809    i.flash_spim_operation_status_get  at32f403a_407_flash.o
    0x08000e50   0x08000e50   0x00000024   Code   RO         1810    i.flash_spim_operation_wait_for  at32f403a_407_flash.o
    0x08000e74   0x08000e74   0x00000020   Code   RO         1814    i.flash_unlock      at32f403a_407_flash.o
    0x08000e94   0x08000e94   0x00000064   Code   RO          220    i.gpio_configuration  main.o
    0x08000ef8   0x08000ef8   0x00000016   Code   RO         2075    i.gpio_default_para_init  at32f403a_407_gpio.o
    0x08000f0e   0x08000f0e   0x00000002   PAD
    0x08000f10   0x08000f10   0x000000a4   Code   RO         2078    i.gpio_exint_line_config  at32f403a_407_gpio.o
    0x08000fb4   0x08000fb4   0x000000a8   Code   RO         2079    i.gpio_init         at32f403a_407_gpio.o
    0x0800105c   0x0800105c   0x00000012   Code   RO         2080    i.gpio_input_data_bit_read  at32f403a_407_gpio.o
    0x0800106e   0x0800106e   0x00000002   PAD
    0x08001070   0x08001070   0x00000090   Code   RO          364    i.input_handler     slip_uart.o
    0x08001100   0x08001100   0x00000058   Code   RO          221    i.main              main.o
    0x08001158   0x08001158   0x000000c8   Code   RO         2403    i.nvic_irq_enable   at32f403a_407_misc.o
    0x08001220   0x08001220   0x00000028   Code   RO         2405    i.nvic_priority_group_config  at32f403a_407_misc.o
    0x08001248   0x08001248   0x0000001c   Code   RO          292    i.read_data_from_flash  settings_trans.o
    0x08001264   0x08001264   0x00000020   Code   RO          365    i.read_slip_uart    slip_uart.o
    0x08001284   0x08001284   0x00000070   Code   RO          366    i.slip_buff_to_data  slip_uart.o
    0x080012f4   0x080012f4   0x00000064   Code   RO          367    i.slip_uart_configuration  slip_uart.o
    0x08001358   0x08001358   0x00000070   Code   RO            4    i.system_clock_config  at32f403a_407_clock.o
    0x080013c8   0x080013c8   0x000000f8   Code   RO         3943    i.system_core_clock_update  system_at32f403a_407.o
    0x080014c0   0x080014c0   0x00000028   Code   RO         2408    i.systick_clock_source_config  at32f403a_407_misc.o
    0x080014e8   0x080014e8   0x00000008   Code   RO         3346    i.usart_data_receive  at32f403a_407_usart.o
    0x080014f0   0x080014f0   0x00000008   Code   RO         3347    i.usart_data_transmit  at32f403a_407_usart.o
    0x080014f8   0x080014f8   0x0000000a   Code   RO         3350    i.usart_enable      at32f403a_407_usart.o
    0x08001502   0x08001502   0x00000010   Code   RO         3352    i.usart_flag_get    at32f403a_407_usart.o
    0x08001512   0x08001512   0x00000002   PAD
    0x08001514   0x08001514   0x00000088   Code   RO         3354    i.usart_init        at32f403a_407_usart.o
    0x0800159c   0x0800159c   0x00000036   Code   RO         3355    i.usart_interrupt_enable  at32f403a_407_usart.o
    0x080015d2   0x080015d2   0x0000000a   Code   RO         3362    i.usart_receiver_enable  at32f403a_407_usart.o
    0x080015dc   0x080015dc   0x0000000a   Code   RO         3369    i.usart_transmitter_enable  at32f403a_407_usart.o
    0x080015e6   0x080015e6   0x00000046   Code   RO          294    i.write_data_to_flash  settings_trans.o
    0x0800162c   0x0800162c   0x00000058   Code   RO          368    i.write_slip_uart   slip_uart.o
    0x08001684   0x08001684   0x0000000a   Code   RO         4078    x$fpl$fpinit        fz_wm.l(fpinit.o)
    0x0800168e   0x0800168e   0x00000028   Data   RO         1266    .constdata          at32f403a_407_crm.o
    0x080016b6   0x080016b6   0x00000010   Data   RO         3944    .constdata          system_at32f403a_407.o
    0x080016c6   0x080016c6   0x00000002   PAD
    0x080016c8   0x080016c8   0x00000020   Data   RO         4142    Region$$Table       anon$$obj.o


    Execution Region RW_IRAM1 (Exec base: 0x20000000, Load base: 0x080016e8, Size: 0x000006c8, Max: 0x00038000, ABSOLUTE)

    Exec Addr    Load Addr    Size         Type   Attr      Idx    E Section Name        Object

    0x20000000   0x080016e8   0x00000005   Data   RW          223    .data               main.o
    0x20000005   0x080016ed   0x00000003   PAD
    0x20000008   0x080016f0   0x00000007   Data   RW          370    .data               slip_uart.o
    0x2000000f   0x080016f7   0x00000001   PAD
    0x20000010   0x080016f8   0x0000002d   Data   RW          447    .data               at32f403a_407_board.o
    0x2000003d   0x08001725   0x00000003   PAD
    0x20000040   0x08001728   0x00000004   Data   RW         3945    .data               system_at32f403a_407.o
    0x20000044        -       0x0000001e   Zero   RW          369    .bss                slip_uart.o
    0x20000062   0x0800172c   0x00000002   PAD
    0x20000064        -       0x00000060   Zero   RW         4020    .bss                c_w.l(libspace.o)
    0x200000c4   0x0800172c   0x00000004   PAD
    0x200000c8        -       0x00000200   Zero   RW         3977    HEAP                startup_at32f403a_407.o
    0x200002c8        -       0x00000400   Zero   RW         3976    STACK               startup_at32f403a_407.o


==============================================================================

Image component sizes


      Code (inc. data)   RO Data    RW Data    ZI Data      Debug   Object Name

       456         62          0         45          0       7924   at32f403a_407_board.o
       112          0          0          0          0      50410   at32f403a_407_clock.o
       966        112         40          0          0      10173   at32f403a_407_crm.o
       198          8          0          0          0       2434   at32f403a_407_exint.o
       700         54          0          0          0       7820   at32f403a_407_flash.o
       372          6          0          0          0       3549   at32f403a_407_gpio.o
        26          0          0          0          0       4726   at32f403a_407_int.o
       280         18          0          0          0      32952   at32f403a_407_misc.o
       252         16          0          0          0       6212   at32f403a_407_usart.o
       360         28          0          5          0       4927   main.o
       180          0          0          0          0       3398   settings_trans.o
       764         70          0          7         30       6227   slip_uart.o
        64         26        388          0       1536        996   startup_at32f403a_407.o
       360         38         16          4          0       2488   system_at32f403a_407.o

    ----------------------------------------------------------------------
      5104        438        478         68       1568     144236   Object Totals
         0          0         32          0          0          0   (incl. Generated)
        14          0          2          7          2          0   (incl. Padding)

    ----------------------------------------------------------------------

      Code (inc. data)   RO Data    RW Data    ZI Data      Debug   Library Member Name

         8          0          0          0          0         68   __main.o
         0          0          0          0          0          0   __rtentry.o
        12          0          0          0          0          0   __rtentry2.o
         6          0          0          0          0          0   __rtentry4.o
        52          8          0          0          0          0   __scatter.o
        26          0          0          0          0          0   __scatter_copy.o
        28          0          0          0          0          0   __scatter_zi.o
        18          0          0          0          0         80   exit.o
         6          0          0          0          0        152   heapauxi.o
         2          0          0          0          0          0   libinit.o
         6          0          0          0          0          0   libinit2.o
         2          0          0          0          0          0   libshutdown.o
         2          0          0          0          0          0   libshutdown2.o
         8          4          0          0         96         68   libspace.o
         2          0          0          0          0          0   rtexit.o
        10          0          0          0          0          0   rtexit2.o
        74          0          0          0          0         80   sys_stackheap_outer.o
         2          0          0          0          0         68   use_no_semi.o
         2          0          0          0          0         68   use_no_semi_2.o
        10          0          0          0          0        116   fpinit.o

    ----------------------------------------------------------------------
       282         12          0          0        100        700   Library Totals
         6          0          0          0          4          0   (incl. Padding)

    ----------------------------------------------------------------------

      Code (inc. data)   RO Data    RW Data    ZI Data      Debug   Library Name

       266         12          0          0         96        584   c_w.l
        10          0          0          0          0        116   fz_wm.l

    ----------------------------------------------------------------------
       282         12          0          0        100        700   Library Totals

    ----------------------------------------------------------------------

==============================================================================


      Code (inc. data)   RO Data    RW Data    ZI Data      Debug   

      5386        450        478         68       1668     137380   Grand Totals
      5386        450        478         68       1668     137380   ELF Image Totals
      5386        450        478         68          0          0   ROM Totals

==============================================================================

    Total RO  Size (Code + RO Data)                 5864 (   5.73kB)
    Total RW  Size (RW Data + ZI Data)              1736 (   1.70kB)
    Total ROM Size (Code + RO Data + RW Data)       5932 (   5.79kB)

==============================================================================

