<html>
<body>
<pre>
<h1>µVision Build Log</h1>
<h2>Tool Versions:</h2>
IDE-Version: µVision V5.36.0.0
Copyright (C) 2021 ARM Ltd and ARM Germany GmbH. All rights reserved.
License Information: Nikolay Capi, AM, LIC=----
 
Tool Versions:
Toolchain:       MDK-Lite  Version: 5.36.0.0
Toolchain Path:  C:\Keil_v5\ARM\ARMCC\Bin
C Compiler:      Armcc.exe V5.06 update 7 (build 960)
Assembler:       Armasm.exe V5.06 update 7 (build 960)
Linker/Locator:  ArmLink.exe V5.06 update 7 (build 960)
Library Manager: ArmAr.exe V5.06 update 7 (build 960)
Hex Converter:   FromElf.exe V5.06 update 7 (build 960)
CPU DLL:         SARMCM3.DLL V5.36.0.0
Dialog DLL:      DCM.DLL V1.17.3.0
Target DLL:      CMSIS_AGDI.dll V1.33.0.0
Dialog DLL:      TCM.DLL V1.53.0.0
 
<h2>Project:</h2>
C:\Users\Kto\Desktop\work\Artery\GetBufferAndFlash\settings_trans\project\at_start_f403a\templates\mdk_v5\template.uvprojx
Project File Date:  07/08/2024

<h2>Output:</h2>
*** Using Compiler 'V5.06 update 7 (build 960)', folder: 'C:\Keil_v5\ARM\ARMCC\Bin'
Rebuild target 'template'
compiling at32f403a_407_clock.c...
compiling at32f403a_407_board.c...
compiling settings_trans.c...
compiling at32f403a_407_acc.c...
compiling main.c...
compiling at32f403a_407_crc.c...
compiling at32f403a_407_adc.c...
compiling at32f403a_407_bpr.c...
compiling at32f403a_407_int.c...
compiling at32f403a_407_crm.c...
compiling at32f403a_407_can.c...
compiling at32f403a_407_debug.c...
compiling at32f403a_407_dac.c...
compiling at32f403a_407_emac.c...
compiling at32f403a_407_exint.c...
compiling at32f403a_407_dma.c...
compiling at32f403a_407_misc.c...
compiling at32f403a_407_gpio.c...
compiling at32f403a_407_i2c.c...
compiling at32f403a_407_rtc.c...
compiling at32f403a_407_sdio.c...
compiling at32f403a_407_pwc.c...
compiling at32f403a_407_flash.c...
compiling at32f403a_407_spi.c...
assembling startup_at32f403a_407.s...
compiling at32f403a_407_tmr.c...
compiling at32f403a_407_usart.c...
compiling at32f403a_407_wwdt.c...
compiling at32f403a_407_usb.c...
compiling at32f403a_407_wdt.c...
compiling system_at32f403a_407.c...
compiling at32f403a_407_xmc.c...
linking...
Program Size: Code=4954 RO-data=478 RW-data=64 ZI-data=1632  
FromELF: creating hex file...
".\objects\template.axf" - 0 Error(s), 0 Warning(s).

<h2>Software Packages used:</h2>

Package Vendor: ArteryTek
                
                ArteryTek.AT32F403A_407_DFP.2.1.9
                ArteryTek AT32F403A_407 Series Device Support,Drivers

<h2>Collection of Component include folders:</h2>
  C:\Users\Kto\AppData\Local\Arm\Packs\ArteryTek\AT32F403A_407_DFP\2.1.9\Device\Include

<h2>Collection of Component Files used:</h2>
Build Time Elapsed:  00:00:02
</pre>
</body>
</html>
